Component: ARM Compiler 5.05 update 1 (build 106) Tool: armlink [4d0efa]

==============================================================================

Section Cross References

    gizwits_product.o(i.HAL_TIM_PeriodElapsedCallback) refers to hal_key.o(i.keyHandle) for keyHandle
    gizwits_product.o(i.HAL_TIM_PeriodElapsedCallback) refers to gizwits_product.o(i.gizTimerMs) for gizTimerMs
    gizwits_product.o(i.HAL_TIM_PeriodElapsedCallback) refers to main.o(.bss) for htim2
    gizwits_product.o(i.HAL_TIM_PeriodElapsedCallback) refers to main.o(.data) for keys
    gizwits_product.o(i.HAL_UART_RxCpltCallback) refers to gizwits_protocol.o(i.gizPutData) for gizPutData
    gizwits_product.o(i.HAL_UART_RxCpltCallback) refers to stm32f1xx_hal_uart.o(i.HAL_UART_Receive_IT) for HAL_UART_Receive_IT
    gizwits_product.o(i.HAL_UART_RxCpltCallback) refers to gizwits_product.o(.data) for .data
    gizwits_product.o(i.HAL_UART_RxCpltCallback) refers to main.o(.bss) for huart2
    gizwits_product.o(i.fputc) refers to stm32f1xx_hal_uart.o(i.HAL_UART_Transmit) for HAL_UART_Transmit
    gizwits_product.o(i.fputc) refers to main.o(.bss) for huart1
    gizwits_product.o(i.gizGetTimerCount) refers to gizwits_product.o(.data) for .data
    gizwits_product.o(i.gizTimerMs) refers to gizwits_product.o(.data) for .data
    gizwits_product.o(i.gizwitsEventProcess) refers to printfa.o(i.__0printf) for __2printf
    gizwits_product.o(i.mcuRestart) refers to stm32f1xx_hal_cortex.o(i.HAL_NVIC_SystemReset) for HAL_NVIC_SystemReset
    gizwits_product.o(i.timerInit) refers to stm32f1xx_hal_tim.o(i.HAL_TIM_Base_Start_IT) for HAL_TIM_Base_Start_IT
    gizwits_product.o(i.timerInit) refers to main.o(.bss) for htim2
    gizwits_product.o(i.uartInit) refers to stm32f1xx_hal_uart.o(i.HAL_UART_Receive_IT) for HAL_UART_Receive_IT
    gizwits_product.o(i.uartInit) refers to gizwits_product.o(.data) for .data
    gizwits_product.o(i.uartInit) refers to main.o(.bss) for huart2
    gizwits_product.o(i.uartWrite) refers to stm32f1xx_hal_uart.o(i.HAL_UART_Transmit_IT) for HAL_UART_Transmit_IT
    gizwits_product.o(i.uartWrite) refers to printfa.o(i.__0printf) for __2printf
    gizwits_product.o(i.uartWrite) refers to main.o(.bss) for huart2
    gizwits_product.o(i.uartWrite) refers to gizwits_product.o(.data) for .data
    gizwits_product.o(i.userHandle) refers to main.o(.data) for temperature
    gizwits_product.o(i.userHandle) refers to gizwits_product.o(.data) for .data
    gizwits_product.o(i.userInit) refers to gizwits_product.o(.data) for .data
    gizwits_protocol.o(i.gizCheckReport) refers to gizwits_product.o(i.gizGetTimerCount) for gizGetTimerCount
    gizwits_protocol.o(i.gizCheckReport) refers to cfcmple.o(.text) for __aeabi_cfcmpeq
    gizwits_protocol.o(i.gizCheckReport) refers to printfa.o(i.__0printf) for __2printf
    gizwits_protocol.o(i.gizCheckReport) refers to gizwits_protocol.o(.data) for .data
    gizwits_protocol.o(i.gizDataPoints2ReportData) refers to datapointtools.o(i.gizY2XFloat) for gizY2XFloat
    gizwits_protocol.o(i.gizDataPoints2ReportData) refers to common.o(i.exchangeBytes) for exchangeBytes
    gizwits_protocol.o(i.gizDataPoints2ReportData) refers to printfa.o(i.__0printf) for __2printf
    gizwits_protocol.o(i.gizDevReportPolicy) refers to gizwits_product.o(i.gizGetTimerCount) for gizGetTimerCount
    gizwits_protocol.o(i.gizDevReportPolicy) refers to gizwits_protocol.o(i.gizCheckReport) for gizCheckReport
    gizwits_protocol.o(i.gizDevReportPolicy) refers to printfa.o(i.__0printf) for __2printf
    gizwits_protocol.o(i.gizDevReportPolicy) refers to gizwits_protocol.o(i.gizDataPoints2ReportData) for gizDataPoints2ReportData
    gizwits_protocol.o(i.gizDevReportPolicy) refers to gizwits_protocol.o(i.gizReportData) for gizReportData
    gizwits_protocol.o(i.gizDevReportPolicy) refers to gizwits_protocol.o(.bss) for .bss
    gizwits_protocol.o(i.gizDevReportPolicy) refers to gizwits_protocol.o(.data) for .data
    gizwits_protocol.o(i.gizProtocolAckHandle) refers to gizwits_product.o(i.gizGetTimerCount) for gizGetTimerCount
    gizwits_protocol.o(i.gizProtocolAckHandle) refers to printfa.o(i.__0printf) for __2printf
    gizwits_protocol.o(i.gizProtocolAckHandle) refers to gizwits_protocol.o(i.gizProtocolResendData) for gizProtocolResendData
    gizwits_protocol.o(i.gizProtocolAckHandle) refers to memseta.o(.text) for __aeabi_memclr
    gizwits_protocol.o(i.gizProtocolAckHandle) refers to gizwits_protocol.o(.bss) for .bss
    gizwits_protocol.o(i.gizProtocolCommonAck) refers to common.o(i.exchangeBytes) for exchangeBytes
    gizwits_protocol.o(i.gizProtocolCommonAck) refers to common.o(i.gizProtocolSum) for gizProtocolSum
    gizwits_protocol.o(i.gizProtocolCommonAck) refers to gizwits_product.o(i.uartWrite) for uartWrite
    gizwits_protocol.o(i.gizProtocolCommonAck) refers to printfa.o(i.__0printf) for __2printf
[...]
    Removing stm32f1xx_hal_uart.o(i.HAL_UART_Receive), (186 bytes).
    Removing stm32f1xx_hal_uart.o(i.HAL_UART_Receive_DMA), (152 bytes).
    Removing stm32f1xx_hal_uart.o(i.HAL_UART_RxCpltCallback), (2 bytes).
    Removing stm32f1xx_hal_uart.o(i.HAL_UART_RxHalfCpltCallback), (2 bytes).
    Removing stm32f1xx_hal_uart.o(i.HAL_UART_Transmit_DMA), (128 bytes).
    Removing stm32f1xx_hal_uart.o(i.HAL_UART_TxHalfCpltCallback), (2 bytes).
    Removing stm32f1xx_hal_uart.o(i.UART_DMAError), (74 bytes).
    Removing stm32f1xx_hal_uart.o(i.UART_DMAReceiveCplt), (60 bytes).
    Removing stm32f1xx_hal_uart.o(i.UART_DMARxAbortCallback), (42 bytes).
    Removing stm32f1xx_hal_uart.o(i.UART_DMARxHalfCplt), (10 bytes).
    Removing stm32f1xx_hal_uart.o(i.UART_DMARxOnlyAbortCallback), (20 bytes).
    Removing stm32f1xx_hal_uart.o(i.UART_DMATransmitCplt), (46 bytes).
    Removing stm32f1xx_hal_uart.o(i.UART_DMATxAbortCallback), (42 bytes).
    Removing stm32f1xx_hal_uart.o(i.UART_DMATxHalfCplt), (10 bytes).
    Removing stm32f1xx_hal_uart.o(i.UART_DMATxOnlyAbortCallback), (20 bytes).
    Removing stm32f1xx_hal_uart.o(i.UART_EndTxTransfer), (18 bytes).
    Removing startup_stm32f103xb.o(HEAP), (2048 bytes).
    Removing stm32f1xx_hal_msp.o(.rev16_text), (4 bytes).
    Removing stm32f1xx_hal_msp.o(.revsh_text), (4 bytes).
    Removing stm32f1xx_hal_msp.o(.rrx_text), (6 bytes).
    Removing stm32f1xx_hal_msp.o(i.HAL_TIM_Base_MspDeInit), (32 bytes).
    Removing stm32f1xx_hal_msp.o(i.HAL_UART_MspDeInit), (84 bytes).
    Removing main.o(.rev16_text), (4 bytes).
    Removing main.o(.revsh_text), (4 bytes).
    Removing main.o(.rrx_text), (6 bytes).
    Removing main.o(i._Error_Handler), (2 bytes).
    Removing stm32f1xx_it.o(.rev16_text), (4 bytes).
    Removing stm32f1xx_it.o(.revsh_text), (4 bytes).
    Removing stm32f1xx_it.o(.rrx_text), (6 bytes).
    Removing system_stm32f1xx.o(.rev16_text), (4 bytes).
    Removing system_stm32f1xx.o(.revsh_text), (4 bytes).
    Removing system_stm32f1xx.o(.rrx_text), (6 bytes).
    Removing system_stm32f1xx.o(i.SystemCoreClockUpdate), (104 bytes).
    Removing fmul.o(.text), (100 bytes).
    Removing ffltui.o(.text), (10 bytes).

359 unused section(s) (total 21836 bytes) removed from the image.

==============================================================================

Image Symbol Table

    Local Symbols

    Symbol Name                              Value     Ov Type        Size  Object(Section)

    ..//Src/system_stm32f1xx.c               0x00000000   Number         0  system_stm32f1xx.o ABSOLUTE
    ../Drivers/STM32F1xx_HAL_Driver/Src/stm32f1xx_hal.c 0x00000000   Number         0  stm32f1xx_hal.o ABSOLUTE
    ../Drivers/STM32F1xx_HAL_Driver/Src/stm32f1xx_hal_cortex.c 0x00000000   Number         0  stm32f1xx_hal_cortex.o ABSOLUTE
    ../Drivers/STM32F1xx_HAL_Driver/Src/stm32f1xx_hal_dma.c 0x00000000   Number         0  stm32f1xx_hal_dma.o ABSOLUTE
    ../Drivers/STM32F1xx_HAL_Driver/Src/stm32f1xx_hal_flash.c 0x00000000   Number         0  stm32f1xx_hal_flash.o ABSOLUTE
    ../Drivers/STM32F1xx_HAL_Driver/Src/stm32f1xx_hal_flash_ex.c 0x00000000   Number         0  stm32f1xx_hal_flash_ex.o ABSOLUTE
    ../Drivers/STM32F1xx_HAL_Driver/Src/stm32f1xx_hal_gpio.c 0x00000000   Number         0  stm32f1xx_hal_gpio.o ABSOLUTE
    ../Drivers/STM32F1xx_HAL_Driver/Src/stm32f1xx_hal_gpio_ex.c 0x00000000   Number         0  stm32f1xx_hal_gpio_ex.o ABSOLUTE
    ../Drivers/STM32F1xx_HAL_Driver/Src/stm32f1xx_hal_pwr.c 0x00000000   Number         0  stm32f1xx_hal_pwr.o ABSOLUTE
    ../Drivers/STM32F1xx_HAL_Driver/Src/stm32f1xx_hal_rcc.c 0x00000000   Number         0  stm32f1xx_hal_rcc.o ABSOLUTE
    ../Drivers/STM32F1xx_HAL_Driver/Src/stm32f1xx_hal_rcc_ex.c 0x00000000   Number         0  stm32f1xx_hal_rcc_ex.o ABSOLUTE
    ../Drivers/STM32F1xx_HAL_Driver/Src/stm32f1xx_hal_tim.c 0x00000000   Number         0  stm32f1xx_hal_tim.o ABSOLUTE
    ../Drivers/STM32F1xx_HAL_Driver/Src/stm32f1xx_hal_tim_ex.c 0x00000000   Number         0  stm32f1xx_hal_tim_ex.o ABSOLUTE
    ../Drivers/STM32F1xx_HAL_Driver/Src/stm32f1xx_hal_uart.c 0x00000000   Number         0  stm32f1xx_hal_uart.o ABSOLUTE
    ../Src/main.c                            0x00000000   Number         0  main.o ABSOLUTE
    ../Src/stm32f1xx_hal_msp.c               0x00000000   Number         0  stm32f1xx_hal_msp.o ABSOLUTE
    ../Src/stm32f1xx_it.c                    0x00000000   Number         0  stm32f1xx_it.o ABSOLUTE
    ../clib/microlib/ctype/toupper.c         0x00000000   Number         0  toupper.o ABSOLUTE
    ../clib/microlib/division.c              0x00000000   Number         0  uldiv.o ABSOLUTE
    ../clib/microlib/division.c              0x00000000   Number         0  uidiv.o ABSOLUTE
    ../clib/microlib/init/entry.s            0x00000000   Number         0  entry8a.o ABSOLUTE
    ../clib/microlib/init/entry.s            0x00000000   Number         0  entry7a.o ABSOLUTE
    ../clib/microlib/init/entry.s            0x00000000   Number         0  entry5.o ABSOLUTE
    ../clib/microlib/init/entry.s            0x00000000   Number         0  entry.o ABSOLUTE
    ../clib/microlib/init/entry.s            0x00000000   Number         0  entry2.o ABSOLUTE
    ../clib/microlib/init/entry.s            0x00000000   Number         0  entry7b.o ABSOLUTE
    ../clib/microlib/init/entry.s            0x00000000   Number         0  entry8b.o ABSOLUTE
    ../clib/microlib/init/entry.s            0x00000000   Number         0  entry11b.o ABSOLUTE
    ../clib/microlib/init/entry.s            0x00000000   Number         0  entry11a.o ABSOLUTE
    ../clib/microlib/init/entry.s            0x00000000   Number         0  entry10b.o ABSOLUTE
    ../clib/microlib/init/entry.s            0x00000000   Number         0  entry10a.o ABSOLUTE
    ../clib/microlib/init/entry.s            0x00000000   Number         0  entry9b.o ABSOLUTE
    ../clib/microlib/init/entry.s            0x00000000   Number         0  entry9a.o ABSOLUTE
    ../clib/microlib/longlong.c              0x00000000   Number         0  llsshr.o ABSOLUTE
    ../clib/microlib/longlong.c              0x00000000   Number         0  llshl.o ABSOLUTE
    ../clib/microlib/longlong.c              0x00000000   Number         0  llushr.o ABSOLUTE
    ../clib/microlib/printf/printf.c         0x00000000   Number         0  printf3.o ABSOLUTE
    ../clib/microlib/printf/printf.c         0x00000000   Number         0  printf4.o ABSOLUTE
    ../clib/microlib/printf/printf.c         0x00000000   Number         0  printf5.o ABSOLUTE
    ../clib/microlib/printf/printf.c         0x00000000   Number         0  printf2.o ABSOLUTE
    ../clib/microlib/printf/printf.c         0x00000000   Number         0  printf0.o ABSOLUTE
    ../clib/microlib/printf/printf.c         0x00000000   Number         0  printf6.o ABSOLUTE
    ../clib/microlib/printf/printf.c         0x00000000   Number         0  printf7.o ABSOLUTE
    ../clib/microlib/printf/printf.c         0x00000000   Number         0  printf8.o ABSOLUTE
    ../clib/microlib/printf/printf.c         0x00000000   Number         0  printfa.o ABSOLUTE
    ../clib/microlib/printf/printf.c         0x00000000   Number         0  printfb.o ABSOLUTE
    ../clib/microlib/printf/printf.c         0x00000000   Number         0  printf1.o ABSOLUTE
    ../clib/microlib/printf/stubs.s          0x00000000   Number         0  stubs.o ABSOLUTE
    ../clib/microlib/stdio/streams.c         0x00000000   Number         0  stdout.o ABSOLUTE
    ../clib/microlib/string/memcpy.c         0x00000000   Number         0  memcpya.o ABSOLUTE
    ../clib/microlib/string/memcpy.c         0x00000000   Number         0  memcpyb.o ABSOLUTE
    ../clib/microlib/string/memset.c         0x00000000   Number         0  memseta.o ABSOLUTE
    ../clib/microlib/string/strlen.c         0x00000000   Number         0  strlen.o ABSOLUTE
    ../clib/microlib/stubs.s                 0x00000000   Number         0  iusefp.o ABSOLUTE
    ../fplib/microlib/d2f.c                  0x00000000   Number         0  d2f.o ABSOLUTE
    ../fplib/microlib/f2d.c                  0x00000000   Number         0  f2d.o ABSOLUTE
    ../fplib/microlib/fpadd.c                0x00000000   Number         0  dadd.o ABSOLUTE
    ../fplib/microlib/fpadd.c                0x00000000   Number         0  fadd.o ABSOLUTE
    ../fplib/microlib/fpdiv.c                0x00000000   Number         0  ddiv.o ABSOLUTE
    ../fplib/microlib/fpdiv.c                0x00000000   Number         0  fdiv.o ABSOLUTE
    ../fplib/microlib/fpepilogue.c           0x00000000   Number         0  depilogue.o ABSOLUTE
    ../fplib/microlib/fpepilogue.c           0x00000000   Number         0  fepilogue.o ABSOLUTE
    ../fplib/microlib/fpfix.c                0x00000000   Number         0  ffixui.o ABSOLUTE
    ../fplib/microlib/fpfix.c                0x00000000   Number         0  dfixul.o ABSOLUTE
    ../fplib/microlib/fpflt.c                0x00000000   Number         0  dflti.o ABSOLUTE
    ../fplib/microlib/fpflt.c                0x00000000   Number         0  ffltui.o ABSOLUTE
    ../fplib/microlib/fpmul.c                0x00000000   Number         0  dmul.o ABSOLUTE
    ../fplib/microlib/fpmul.c                0x00000000   Number         0  fmul.o ABSOLUTE
    ../fplib/microlib/fpscalb.c              0x00000000   Number         0  dscalb.o ABSOLUTE
    ..\Drivers\STM32F1xx_HAL_Driver\Src\stm32f1xx_hal.c 0x00000000   Number         0  stm32f1xx_hal.o ABSOLUTE
    ..\Drivers\STM32F1xx_HAL_Driver\Src\stm32f1xx_hal_cortex.c 0x00000000   Number         0  stm32f1xx_hal_cortex.o ABSOLUTE
    ..\Drivers\STM32F1xx_HAL_Driver\Src\stm32f1xx_hal_dma.c 0x00000000   Number         0  stm32f1xx_hal_dma.o ABSOLUTE
    ..\Drivers\STM32F1xx_HAL_Driver\Src\stm32f1xx_hal_flash.c 0x00000000   Number         0  stm32f1xx_hal_flash.o ABSOLUTE
    ..\Drivers\STM32F1xx_HAL_Driver\Src\stm32f1xx_hal_flash_ex.c 0x00000000   Number         0  stm32f1xx_hal_flash_ex.o ABSOLUTE
    ..\Drivers\STM32F1xx_HAL_Driver\Src\stm32f1xx_hal_gpio.c 0x00000000   Number         0  stm32f1xx_hal_gpio.o ABSOLUTE
    ..\Drivers\STM32F1xx_HAL_Driver\Src\stm32f1xx_hal_gpio_ex.c 0x00000000   Number         0  stm32f1xx_hal_gpio_ex.o ABSOLUTE
    ..\Drivers\STM32F1xx_HAL_Driver\Src\stm32f1xx_hal_pwr.c 0x00000000   Number         0  stm32f1xx_hal_pwr.o ABSOLUTE
    ..\Drivers\STM32F1xx_HAL_Driver\Src\stm32f1xx_hal_rcc.c 0x00000000   Number         0  stm32f1xx_hal_rcc.o ABSOLUTE
    ..\Drivers\STM32F1xx_HAL_Driver\Src\stm32f1xx_hal_rcc_ex.c 0x00000000   Number         0  stm32f1xx_hal_rcc_ex.o ABSOLUTE
    ..\Drivers\STM32F1xx_HAL_Driver\Src\stm32f1xx_hal_tim.c 0x00000000   Number         0  stm32f1xx_hal_tim.o ABSOLUTE
    ..\Drivers\STM32F1xx_HAL_Driver\Src\stm32f1xx_hal_tim_ex.c 0x00000000   Number         0  stm32f1xx_hal_tim_ex.o ABSOLUTE
    ..\Drivers\STM32F1xx_HAL_Driver\Src\stm32f1xx_hal_uart.c 0x00000000   Number         0  stm32f1xx_hal_uart.o ABSOLUTE
    ..\Gizwits\gizwits_product.c             0x00000000   Number         0  gizwits_product.o ABSOLUTE
    ..\Gizwits\gizwits_protocol.c            0x00000000   Number         0  gizwits_protocol.o ABSOLUTE
    ..\Hal\18b20\delay.c                     0x00000000   Number         0  delay.o ABSOLUTE
    ..\Hal\18b20\ds18b20.c                   0x00000000   Number         0  ds18b20.o ABSOLUTE
    ..\Hal\hal_key.c                         0x00000000   Number         0  hal_key.o ABSOLUTE
    ..\Src\main.c                            0x00000000   Number         0  main.o ABSOLUTE
    ..\Src\stm32f1xx_hal_msp.c               0x00000000   Number         0  stm32f1xx_hal_msp.o ABSOLUTE
    ..\Src\stm32f1xx_it.c                    0x00000000   Number         0  stm32f1xx_it.o ABSOLUTE
    ..\Utils\common.c                        0x00000000   Number         0  common.o ABSOLUTE
    ..\Utils\dataPointTools.c                0x00000000   Number         0  datapointtools.o ABSOLUTE
    ..\Utils\ringbuffer.c                    0x00000000   Number         0  ringbuffer.o ABSOLUTE
    ..\\Gizwits\\gizwits_product.c           0x00000000   Number         0  gizwits_product.o ABSOLUTE
    ..\\Gizwits\\gizwits_protocol.c          0x00000000   Number         0  gizwits_protocol.o ABSOLUTE
    ..\\Hal\\18b20\\delay.c                  0x00000000   Number         0  delay.o ABSOLUTE
    ..\\Hal\\18b20\\ds18b20.c                0x00000000   Number         0  ds18b20.o ABSOLUTE
    ..\\Hal\\hal_key.c                       0x00000000   Number         0  hal_key.o ABSOLUTE
    ..\\Src\system_stm32f1xx.c               0x00000000   Number         0  system_stm32f1xx.o ABSOLUTE
    cdrcmple.s                               0x00000000   Number         0  cdrcmple.o ABSOLUTE
    cfcmple.s                                0x00000000   Number         0  cfcmple.o ABSOLUTE
    dc.s                                     0x00000000   Number         0  dc.o ABSOLUTE
    handlers.s                               0x00000000   Number         0  handlers.o ABSOLUTE
    init.s                                   0x00000000   Number         0  init.o ABSOLUTE
    startup_stm32f103xb.s                    0x00000000   Number         0  startup_stm32f103xb.o ABSOLUTE
    RESET                                    0x08000000   Section      236  startup_stm32f103xb.o(RESET)
    .ARM.Collect$$$$00000000                 0x080000ec   Section        0  entry.o(.ARM.Collect$$$$00000000)
    .ARM.Collect$$$$00000001                 0x080000ec   Section        4  entry2.o(.ARM.Collect$$$$00000001)
    .ARM.Collect$$$$00000004                 0x080000f0   Section        4  entry5.o(.ARM.Collect$$$$00000004)
    .ARM.Collect$$$$00000008                 0x080000f4   Section        0  entry7b.o(.ARM.Collect$$$$00000008)
    .ARM.Collect$$$$0000000A                 0x080000f4   Section        0  entry8b.o(.ARM.Collect$$$$0000000A)
    .ARM.Collect$$$$0000000B                 0x080000f4   Section        8  entry9a.o(.ARM.Collect$$$$0000000B)
    .ARM.Collect$$$$0000000D                 0x080000fc   Section        0  entry10a.o(.ARM.Collect$$$$0000000D)
    .ARM.Collect$$$$0000000F                 0x080000fc   Section        0  entry11a.o(.ARM.Collect$$$$0000000F)
    .ARM.Collect$$$$00002712                 0x080000fc   Section        4  entry2.o(.ARM.Collect$$$$00002712)
    __lit__00000000                          0x080000fc   Data           4  entry2.o(.ARM.Collect$$$$00002712)
    .text                                    0x08000100   Section       36  startup_stm32f103xb.o(.text)
    .text                                    0x08000124   Section        0  llushr.o(.text)
    .text                                    0x08000144   Section        0  memcpya.o(.text)
    .text                                    0x08000168   Section        0  memseta.o(.text)
    .text                                    0x0800018c   Section        0  fadd.o(.text)
    .text                                    0x0800023c   Section        0  fdiv.o(.text)
    .text                                    0x080002b8   Section        0  dmul.o(.text)
    .text                                    0x0800039c   Section        0  dscalb.o(.text)
    .text                                    0x080003ca   Section        0  dflti.o(.text)
    .text                                    0x080003ec   Section        0  ffixui.o(.text)
    .text                                    0x08000414   Section        0  f2d.o(.text)
    .text                                    0x0800043a   Section        0  d2f.o(.text)
    .text                                    0x08000474   Section       20  cfcmple.o(.text)
    .text                                    0x08000488   Section        0  uidiv.o(.text)
    .text                                    0x080004b4   Section        0  uldiv.o(.text)
    .text                                    0x08000516   Section        0  fepilogue.o(.text)
    .text                                    0x08000516   Section        0  iusefp.o(.text)
    .text                                    0x08000584   Section        0  depilogue.o(.text)
    .text                                    0x0800063e   Section        0  dadd.o(.text)
    .text                                    0x0800078c   Section        0  ddiv.o(.text)
    .text                                    0x0800086a   Section        0  dfixul.o(.text)
    .text                                    0x0800089c   Section       48  cdrcmple.o(.text)
    .text                                    0x080008cc   Section       36  init.o(.text)
    .text                                    0x080008f0   Section        0  llshl.o(.text)
    .text                                    0x0800090e   Section        0  llsshr.o(.text)
    i.BusFault_Handler                       0x08000932   Section        0  stm32f1xx_it.o(i.BusFault_Handler)
    i.DS18B20_Get_Temp                       0x08000934   Section        0  ds18b20.o(i.DS18B20_Get_Temp)
    i.DS18B20_Init                           0x080009d4   Section        0  ds18b20.o(i.DS18B20_Init)
    i.DS18B20_Mode_IPU                       0x080009f0   Section        0  ds18b20.o(i.DS18B20_Mode_IPU)
    i.DS18B20_Mode_Out_PP                    0x08000a10   Section        0  ds18b20.o(i.DS18B20_Mode_Out_PP)
    i.DS18B20_Presence                       0x08000a2c   Section        0  ds18b20.o(i.DS18B20_Presence)
    DS18B20_Presence                         0x08000a2d   Thumb Code    84  ds18b20.o(i.DS18B20_Presence)
    i.DS18B20_Read_Bit                       0x08000a84   Section        0  ds18b20.o(i.DS18B20_Read_Bit)
    i.DS18B20_Read_Byte                      0x08000ac0   Section        0  ds18b20.o(i.DS18B20_Read_Byte)
    i.DS18B20_Rst                            0x08000adc   Section        0  ds18b20.o(i.DS18B20_Rst)
    i.DS18B20_Write_Byte                     0x08000b10   Section        0  ds18b20.o(i.DS18B20_Write_Byte)
    i.DebugMon_Handler                       0x08000b70   Section        0  stm32f1xx_it.o(i.DebugMon_Handler)
    i.HAL_DMA_Abort_IT                       0x08000b74   Section        0  stm32f1xx_hal_dma.o(i.HAL_DMA_Abort_IT)
    i.HAL_GPIO_Init                          0x08000c0c   Section        0  stm32f1xx_hal_gpio.o(i.HAL_GPIO_Init)
    i.HAL_GPIO_ReadPin                       0x08000dd4   Section        0  stm32f1xx_hal_gpio.o(i.HAL_GPIO_ReadPin)
    i.HAL_GPIO_WritePin                      0x08000dde   Section        0  stm32f1xx_hal_gpio.o(i.HAL_GPIO_WritePin)
    i.HAL_GetTick                            0x08000de8   Section        0  stm32f1xx_hal.o(i.HAL_GetTick)
    i.HAL_IncTick                            0x08000df4   Section        0  stm32f1xx_hal.o(i.HAL_IncTick)
    i.HAL_Init                               0x08000e04   Section        0  stm32f1xx_hal.o(i.HAL_Init)
    i.HAL_InitTick                           0x08000e28   Section        0  stm32f1xx_hal.o(i.HAL_InitTick)
    i.HAL_MspInit                            0x08000e50   Section        0  stm32f1xx_hal_msp.o(i.HAL_MspInit)
    i.HAL_NVIC_EnableIRQ                     0x08000ed4   Section        0  stm32f1xx_hal_cortex.o(i.HAL_NVIC_EnableIRQ)
    i.HAL_NVIC_SetPriority                   0x08000eec   Section        0  stm32f1xx_hal_cortex.o(i.HAL_NVIC_SetPriority)
    i.HAL_NVIC_SetPriorityGrouping           0x08000f2c   Section        0  stm32f1xx_hal_cortex.o(i.HAL_NVIC_SetPriorityGrouping)
    i.HAL_NVIC_SystemReset                   0x08000f50   Section        0  stm32f1xx_hal_cortex.o(i.HAL_NVIC_SystemReset)
    i.HAL_RCC_ClockConfig                    0x08000f74   Section        0  stm32f1xx_hal_rcc.o(i.HAL_RCC_ClockConfig)
    i.HAL_RCC_GetHCLKFreq                    0x080010c0   Section        0  stm32f1xx_hal_rcc.o(i.HAL_RCC_GetHCLKFreq)
    i.HAL_RCC_GetPCLK1Freq                   0x080010cc   Section        0  stm32f1xx_hal_rcc.o(i.HAL_RCC_GetPCLK1Freq)
    i.HAL_RCC_GetPCLK2Freq                   0x080010ec   Section        0  stm32f1xx_hal_rcc.o(i.HAL_RCC_GetPCLK2Freq)
    i.HAL_RCC_GetSysClockFreq                0x0800110c   Section        0  stm32f1xx_hal_rcc.o(i.HAL_RCC_GetSysClockFreq)
    i.HAL_RCC_OscConfig                      0x08001178   Section        0  stm32f1xx_hal_rcc.o(i.HAL_RCC_OscConfig)
    i.HAL_SYSTICK_CLKSourceConfig            0x08001470   Section        0  stm32f1xx_hal_cortex.o(i.HAL_SYSTICK_CLKSourceConfig)
    i.HAL_SYSTICK_Callback                   0x08001488   Section        0  stm32f1xx_hal_cortex.o(i.HAL_SYSTICK_Callback)
    i.HAL_SYSTICK_Config                     0x0800148a   Section        0  stm32f1xx_hal_cortex.o(i.HAL_SYSTICK_Config)
    i.HAL_SYSTICK_IRQHandler                 0x080014b2   Section        0  stm32f1xx_hal_cortex.o(i.HAL_SYSTICK_IRQHandler)
    i.HAL_TIMEx_BreakCallback                0x080014ba   Section        0  stm32f1xx_hal_tim_ex.o(i.HAL_TIMEx_BreakCallback)
    i.HAL_TIMEx_CommutationCallback          0x080014bc   Section        0  stm32f1xx_hal_tim_ex.o(i.HAL_TIMEx_CommutationCallback)
    i.HAL_TIMEx_MasterConfigSynchronization  0x080014be   Section        0  stm32f1xx_hal_tim_ex.o(i.HAL_TIMEx_MasterConfigSynchronization)
    i.HAL_TIM_Base_Init                      0x0800150e   Section        0  stm32f1xx_hal_tim.o(i.HAL_TIM_Base_Init)
    i.HAL_TIM_Base_MspInit                   0x08001544   Section        0  stm32f1xx_hal_msp.o(i.HAL_TIM_Base_MspInit)
    i.HAL_TIM_Base_Start_IT                  0x08001568   Section        0  stm32f1xx_hal_tim.o(i.HAL_TIM_Base_Start_IT)
    i.HAL_TIM_ConfigClockSource              0x08001580   Section        0  stm32f1xx_hal_tim.o(i.HAL_TIM_ConfigClockSource)
    i.HAL_TIM_IC_CaptureCallback             0x08001670   Section        0  stm32f1xx_hal_tim.o(i.HAL_TIM_IC_CaptureCallback)
    i.HAL_TIM_IRQHandler                     0x08001672   Section        0  stm32f1xx_hal_tim.o(i.HAL_TIM_IRQHandler)
    i.HAL_TIM_OC_DelayElapsedCallback        0x080017d8   Section        0  stm32f1xx_hal_tim.o(i.HAL_TIM_OC_DelayElapsedCallback)
    i.HAL_TIM_PWM_PulseFinishedCallback      0x080017da   Section        0  stm32f1xx_hal_tim.o(i.HAL_TIM_PWM_PulseFinishedCallback)
    i.HAL_TIM_PeriodElapsedCallback          0x080017dc   Section        0  gizwits_product.o(i.HAL_TIM_PeriodElapsedCallback)
    i.HAL_TIM_TriggerCallback                0x080017fc   Section        0  stm32f1xx_hal_tim.o(i.HAL_TIM_TriggerCallback)
    i.HAL_UART_ErrorCallback                 0x080017fe   Section        0  stm32f1xx_hal_uart.o(i.HAL_UART_ErrorCallback)
    i.HAL_UART_IRQHandler                    0x08001800   Section        0  stm32f1xx_hal_uart.o(i.HAL_UART_IRQHandler)
    i.HAL_UART_Init                          0x08001910   Section        0  stm32f1xx_hal_uart.o(i.HAL_UART_Init)
    i.HAL_UART_MspInit                       0x08001974   Section        0  stm32f1xx_hal_msp.o(i.HAL_UART_MspInit)
    i.HAL_UART_Receive_IT                    0x080019f8   Section        0  stm32f1xx_hal_uart.o(i.HAL_UART_Receive_IT)
    i.HAL_UART_RxCpltCallback                0x08001a4c   Section        0  gizwits_product.o(i.HAL_UART_RxCpltCallback)
    i.HAL_UART_Transmit                      0x08001a7c   Section        0  stm32f1xx_hal_uart.o(i.HAL_UART_Transmit)
    i.HAL_UART_Transmit_IT                   0x08001b36   Section        0  stm32f1xx_hal_uart.o(i.HAL_UART_Transmit_IT)
    i.HAL_UART_TxCpltCallback                0x08001b74   Section        0  stm32f1xx_hal_uart.o(i.HAL_UART_TxCpltCallback)
    i.HardFault_Handler                      0x08001b76   Section        0  stm32f1xx_it.o(i.HardFault_Handler)
    i.MX_GPIO_Init                           0x08001b78   Section        0  main.o(i.MX_GPIO_Init)
    MX_GPIO_Init                             0x08001b79   Thumb Code    96  main.o(i.MX_GPIO_Init)
    i.MX_TIM2_Init                           0x08001be4   Section        0  main.o(i.MX_TIM2_Init)
    MX_TIM2_Init                             0x08001be5   Thumb Code    78  main.o(i.MX_TIM2_Init)
    i.MemManage_Handler                      0x08001c38   Section        0  stm32f1xx_it.o(i.MemManage_Handler)
    i.NMI_Handler                            0x08001c3a   Section        0  stm32f1xx_it.o(i.NMI_Handler)
    i.NVIC_SetPriority                       0x08001c3c   Section        0  stm32f1xx_hal_cortex.o(i.NVIC_SetPriority)
    NVIC_SetPriority                         0x08001c3d   Thumb Code    32  stm32f1xx_hal_cortex.o(i.NVIC_SetPriority)
    i.PendSV_Handler                         0x08001c5c   Section        0  stm32f1xx_it.o(i.PendSV_Handler)
    i.SVC_Handler                            0x08001c5e   Section        0  stm32f1xx_it.o(i.SVC_Handler)
    i.SysTick_Handler                        0x08001c60   Section        0  stm32f1xx_it.o(i.SysTick_Handler)
    i.SystemClock_Config                     0x08001c6e   Section        0  main.o(i.SystemClock_Config)
    i.SystemInit                             0x08001cd4   Section        0  system_stm32f1xx.o(i.SystemInit)
    i.TIM2_IRQHandler                        0x08001d1c   Section        0  stm32f1xx_it.o(i.TIM2_IRQHandler)
    i.TIM_Base_SetConfig                     0x08001d28   Section        0  stm32f1xx_hal_tim.o(i.TIM_Base_SetConfig)
    i.TIM_ETR_SetConfig                      0x08001d94   Section        0  stm32f1xx_hal_tim.o(i.TIM_ETR_SetConfig)
    TIM_ETR_SetConfig                        0x08001d95   Thumb Code    20  stm32f1xx_hal_tim.o(i.TIM_ETR_SetConfig)
    i.TIM_ITRx_SetConfig                     0x08001da8   Section        0  stm32f1xx_hal_tim.o(i.TIM_ITRx_SetConfig)
    TIM_ITRx_SetConfig                       0x08001da9   Thumb Code    16  stm32f1xx_hal_tim.o(i.TIM_ITRx_SetConfig)
    i.TIM_TI1_ConfigInputStage               0x08001db8   Section        0  stm32f1xx_hal_tim.o(i.TIM_TI1_ConfigInputStage)
    TIM_TI1_ConfigInputStage                 0x08001db9   Thumb Code    34  stm32f1xx_hal_tim.o(i.TIM_TI1_ConfigInputStage)
    i.TIM_TI2_ConfigInputStage               0x08001dda   Section        0  stm32f1xx_hal_tim.o(i.TIM_TI2_ConfigInputStage)
    TIM_TI2_ConfigInputStage                 0x08001ddb   Thumb Code    36  stm32f1xx_hal_tim.o(i.TIM_TI2_ConfigInputStage)
    i.UART_DMAAbortOnError                   0x08001dfe   Section        0  stm32f1xx_hal_uart.o(i.UART_DMAAbortOnError)
    UART_DMAAbortOnError                     0x08001dff   Thumb Code    16  stm32f1xx_hal_uart.o(i.UART_DMAAbortOnError)
    i.UART_EndRxTransfer                     0x08001e0e   Section        0  stm32f1xx_hal_uart.o(i.UART_EndRxTransfer)
    UART_EndRxTransfer                       0x08001e0f   Thumb Code    28  stm32f1xx_hal_uart.o(i.UART_EndRxTransfer)
    i.UART_Receive_IT                        0x08001e2a   Section        0  stm32f1xx_hal_uart.o(i.UART_Receive_IT)
    UART_Receive_IT                          0x08001e2b   Thumb Code   150  stm32f1xx_hal_uart.o(i.UART_Receive_IT)
    i.UART_SetConfig                         0x08001ec0   Section        0  stm32f1xx_hal_uart.o(i.UART_SetConfig)
    UART_SetConfig                           0x08001ec1   Thumb Code   364  stm32f1xx_hal_uart.o(i.UART_SetConfig)
    i.UART_Transmit_IT                       0x08002030   Section        0  stm32f1xx_hal_uart.o(i.UART_Transmit_IT)
    UART_Transmit_IT                         0x08002031   Thumb Code    98  stm32f1xx_hal_uart.o(i.UART_Transmit_IT)
    i.UART_WaitOnFlagUntilTimeout            0x08002092   Section        0  stm32f1xx_hal_uart.o(i.UART_WaitOnFlagUntilTimeout)
    UART_WaitOnFlagUntilTimeout              0x08002093   Thumb Code    98  stm32f1xx_hal_uart.o(i.UART_WaitOnFlagUntilTimeout)
    i.USART2_IRQHandler                      0x080020f4   Section        0  stm32f1xx_it.o(i.USART2_IRQHandler)
    i.UsageFault_Handler                     0x08002100   Section        0  stm32f1xx_it.o(i.UsageFault_Handler)
    i.__0printf                              0x08002104   Section        0  printfa.o(i.__0printf)
    i.__scatterload_copy                     0x08002124   Section       14  handlers.o(i.__scatterload_copy)
    i.__scatterload_null                     0x08002132   Section        2  handlers.o(i.__scatterload_null)
    i.__scatterload_zeroinit                 0x08002134   Section       14  handlers.o(i.__scatterload_zeroinit)
    i._fp_digits                             0x08002144   Section        0  printfa.o(i._fp_digits)
    _fp_digits                               0x08002145   Thumb Code   334  printfa.o(i._fp_digits)
    i._printf_core                           0x080022a8   Section        0  printfa.o(i._printf_core)
    _printf_core                             0x080022a9   Thumb Code  1744  printfa.o(i._printf_core)
    i._printf_post_padding                   0x08002984   Section        0  printfa.o(i._printf_post_padding)
    _printf_post_padding                     0x08002985   Thumb Code    36  printfa.o(i._printf_post_padding)
    i._printf_pre_padding                    0x080029a8   Section        0  printfa.o(i._printf_pre_padding)
    _printf_pre_padding                      0x080029a9   Thumb Code    46  printfa.o(i._printf_pre_padding)
    i.delay_init                             0x080029d8   Section        0  delay.o(i.delay_init)
    i.delay_ms                               0x08002a04   Section        0  delay.o(i.delay_ms)
    i.delay_us                               0x08002a2c   Section        0  delay.o(i.delay_us)
    i.exchangeBytes                          0x08002a54   Section        0  common.o(i.exchangeBytes)
    i.exchangeWord                           0x08002a74   Section        0  common.o(i.exchangeWord)
    i.fputc                                  0x08002a78   Section        0  gizwits_product.o(i.fputc)
    i.getKey                                 0x08002a90   Section        0  hal_key.o(i.getKey)
    i.gizCheckReport                         0x08002aec   Section        0  gizwits_protocol.o(i.gizCheckReport)
    gizCheckReport                           0x08002aed   Thumb Code    78  gizwits_protocol.o(i.gizCheckReport)
    i.gizDataPoints2ReportData               0x08002b84   Section        0  gizwits_protocol.o(i.gizDataPoints2ReportData)
    gizDataPoints2ReportData                 0x08002b85   Thumb Code    42  gizwits_protocol.o(i.gizDataPoints2ReportData)
    i.gizDevReportPolicy                     0x08002be8   Section        0  gizwits_protocol.o(i.gizDevReportPolicy)
    gizDevReportPolicy                       0x08002be9   Thumb Code   124  gizwits_protocol.o(i.gizDevReportPolicy)
    i.gizGetTimerCount                       0x08002ca0   Section        0  gizwits_product.o(i.gizGetTimerCount)
    i.gizProtocolAckHandle                   0x08002cac   Section        0  gizwits_protocol.o(i.gizProtocolAckHandle)
    gizProtocolAckHandle                     0x08002cad   Thumb Code    80  gizwits_protocol.o(i.gizProtocolAckHandle)
    i.gizProtocolCommonAck                   0x08002d28   Section        0  gizwits_protocol.o(i.gizProtocolCommonAck)
    gizProtocolCommonAck                     0x08002d29   Thumb Code    80  gizwits_protocol.o(i.gizProtocolCommonAck)
    i.gizProtocolErrorCmd                    0x08002dc0   Section        0  gizwits_protocol.o(i.gizProtocolErrorCmd)
    gizProtocolErrorCmd                      0x08002dc1   Thumb Code    88  gizwits_protocol.o(i.gizProtocolErrorCmd)
    i.gizProtocolGetDeviceInfo               0x08002e60   Section        0  gizwits_protocol.o(i.gizProtocolGetDeviceInfo)
    gizProtocolGetDeviceInfo                 0x08002e61   Thumb Code   180  gizwits_protocol.o(i.gizProtocolGetDeviceInfo)
    i.gizProtocolGetOnePacket                0x08002fd8   Section        0  gizwits_protocol.o(i.gizProtocolGetOnePacket)
    gizProtocolGetOnePacket                  0x08002fd9   Thumb Code   266  gizwits_protocol.o(i.gizProtocolGetOnePacket)
    i.gizProtocolHeadInit                    0x08003118   Section        0  gizwits_protocol.o(i.gizProtocolHeadInit)
    gizProtocolHeadInit                      0x08003119   Thumb Code    32  gizwits_protocol.o(i.gizProtocolHeadInit)
    i.gizProtocolIssuedDataAck               0x08003164   Section        0  gizwits_protocol.o(i.gizProtocolIssuedDataAck)
    gizProtocolIssuedDataAck                 0x08003165   Thumb Code   198  gizwits_protocol.o(i.gizProtocolIssuedDataAck)
    i.gizProtocolIssuedProcess               0x08003284   Section        0  gizwits_protocol.o(i.gizProtocolIssuedProcess)
    gizProtocolIssuedProcess                 0x08003285   Thumb Code   168  gizwits_protocol.o(i.gizProtocolIssuedProcess)
    i.gizProtocolModuleStatus                0x08003360   Section        0  gizwits_protocol.o(i.gizProtocolModuleStatus)
    gizProtocolModuleStatus                  0x08003361   Thumb Code   574  gizwits_protocol.o(i.gizProtocolModuleStatus)
    i.gizProtocolNTP                         0x08003774   Section        0  gizwits_protocol.o(i.gizProtocolNTP)
    gizProtocolNTP                           0x08003775   Thumb Code    86  gizwits_protocol.o(i.gizProtocolNTP)
    i.gizProtocolResendData                  0x080037e4   Section        0  gizwits_protocol.o(i.gizProtocolResendData)
    gizProtocolResendData                    0x080037e5   Thumb Code    54  gizwits_protocol.o(i.gizProtocolResendData)
    i.gizProtocolSum                         0x08003858   Section        0  common.o(i.gizProtocolSum)
    i.gizProtocolWaitAck                     0x0800387c   Section        0  gizwits_protocol.o(i.gizProtocolWaitAck)
    gizProtocolWaitAck                       0x0800387d   Thumb Code    66  gizwits_protocol.o(i.gizProtocolWaitAck)
    i.gizProtocolWaitAckCheck                0x080038dc   Section        0  gizwits_protocol.o(i.gizProtocolWaitAckCheck)
    gizProtocolWaitAckCheck                  0x080038dd   Thumb Code    42  gizwits_protocol.o(i.gizProtocolWaitAckCheck)
    i.gizPutData                             0x08003924   Section        0  gizwits_protocol.o(i.gizPutData)
    i.gizReportData                          0x0800398c   Section        0  gizwits_protocol.o(i.gizReportData)
    gizReportData                            0x0800398d   Thumb Code   124  gizwits_protocol.o(i.gizReportData)
    i.gizTimerMs                             0x08003a50   Section        0  gizwits_product.o(i.gizTimerMs)
    i.gizY2XFloat                            0x08003a60   Section        0  datapointtools.o(i.gizY2XFloat)
    i.gizwitsEventProcess                    0x08003a78   Section        0  gizwits_product.o(i.gizwitsEventProcess)
    i.gizwitsHandle                          0x08003b7c   Section        0  gizwits_protocol.o(i.gizwitsHandle)
    i.gizwitsInit                            0x08003ebc   Section        0  gizwits_protocol.o(i.gizwitsInit)
    i.gizwitsSetMode                         0x08003f14   Section        0  gizwits_protocol.o(i.gizwitsSetMode)
    i.key1LongPress                          0x08004028   Section        0  main.o(i.key1LongPress)
    i.key1ShortPress                         0x0800405c   Section        0  main.o(i.key1ShortPress)
    i.key2LongPress                          0x08004090   Section        0  main.o(i.key2LongPress)
    i.key2ShortPress                         0x080040c4   Section        0  main.o(i.key2ShortPress)
    i.keyHandle                              0x080040f4   Section        0  hal_key.o(i.keyHandle)
    i.keyInit                                0x08004170   Section        0  main.o(i.keyInit)
    i.keyInitOne                             0x080041ec   Section        0  hal_key.o(i.keyInitOne)
    i.keyParaInit                            0x0800422c   Section        0  hal_key.o(i.keyParaInit)
    i.main                                   0x08004244   Section        0  main.o(i.main)
    i.mcuRestart                             0x08004348   Section        0  gizwits_product.o(i.mcuRestart)
    i.rbCanRead                              0x08004352   Section        0  ringbuffer.o(i.rbCanRead)
    i.rbCanWrite                             0x08004384   Section        0  ringbuffer.o(i.rbCanWrite)
    i.rbCapacity                             0x080043a0   Section        0  ringbuffer.o(i.rbCapacity)
    i.rbCreate                               0x080043ac   Section        0  ringbuffer.o(i.rbCreate)
    i.rbRead                                 0x080043be   Section        0  ringbuffer.o(i.rbRead)
    i.rbWrite                                0x0800443c   Section        0  ringbuffer.o(i.rbWrite)
    i.readKeyValue                           0x080044cc   Section        0  hal_key.o(i.readKeyValue)
    i.timerInit                              0x08004554   Section        0  gizwits_product.o(i.timerInit)
    i.uartInit                               0x08004560   Section        0  gizwits_product.o(i.uartInit)
    i.uartWrite                              0x08004574   Section        0  gizwits_product.o(i.uartWrite)
    i.userHandle                             0x0800462c   Section        0  gizwits_product.o(i.userHandle)
    i.userInit                               0x08004640   Section        0  gizwits_product.o(i.userInit)
    .constdata                               0x0800464c   Section       16  system_stm32f1xx.o(.constdata)
    .constdata                               0x0800465c   Section        8  system_stm32f1xx.o(.constdata)
    .data                                    0x20000000   Section       12  gizwits_product.o(.data)
    timerMsCount                             0x20000004   Data           4  gizwits_product.o(.data)
    .data                                    0x2000000c   Section       16  gizwits_protocol.o(.data)
    protocolFlag                             0x2000000c   Data           1  gizwits_protocol.o(.data)
    lastData                                 0x2000000d   Data           1  gizwits_protocol.o(.data)
    debugCount                               0x2000000e   Data           1  gizwits_protocol.o(.data)
    protocolCount                            0x20000010   Data           2  gizwits_protocol.o(.data)
    lastStatus                               0x20000012   Data           2  gizwits_protocol.o(.data)
    lastReportTime                           0x20000014   Data           4  gizwits_protocol.o(.data)
    lastRepTime                              0x20000018   Data           4  gizwits_protocol.o(.data)
    .data                                    0x2000001c   Section       10  hal_key.o(.data)
    keyTotolNum                              0x2000001c   Data           1  hal_key.o(.data)
    keyCheck                                 0x2000001d   Data           1  hal_key.o(.data)
    keyState                                 0x2000001e   Data           1  hal_key.o(.data)
    key_total                                0x2000001f   Data           1  hal_key.o(.data)
    keyLongCheck                             0x20000022   Data           2  hal_key.o(.data)
    keyPrev                                  0x20000024   Data           2  hal_key.o(.data)
    .data                                    0x20000026   Section        4  delay.o(.data)
    fac_us                                   0x20000026   Data           1  delay.o(.data)
    fac_ms                                   0x20000028   Data           2  delay.o(.data)
    .data                                    0x2000002c   Section        4  stm32f1xx_hal.o(.data)
    .data                                    0x20000030   Section        9  main.o(.data)
    .data                                    0x2000003c   Section        4  system_stm32f1xx.o(.data)
    .data                                    0x20000040   Section        4  stdout.o(.data)
    .bss                                     0x20000044   Section      307  gizwits_protocol.o(.bss)
    rbBuf                                    0x2000014b   Data          44  gizwits_protocol.o(.bss)
    .bss                                     0x20000178   Section      234  main.o(.bss)
    STACK                                    0x20000268   Section     8192  startup_stm32f103xb.o(STACK)

    Global Symbols

    Symbol Name                              Value     Ov Type        Size  Object(Section)

    BuildAttributes$$THM_ISAv4$P$D$K$B$S$PE$A:L22UL41UL21$X:L11$S22US41US21$IEEE1$IW$USESV6$~STKCKD$USESV7$~SHL$OTIME$ROPI$EBA8$MICROLIB$REQ8$PRES8$EABIv2 0x00000000   Number         0  anon$$obj.o ABSOLUTE
    __ARM_use_no_argv                        0x00000000   Number         0  main.o ABSOLUTE
    _printf_a                                0x00000000   Number         0  stubs.o ABSOLUTE
    _printf_c                                0x00000000   Number         0  stubs.o ABSOLUTE
    _printf_charcount                        0x00000000   Number         0  stubs.o ABSOLUTE
    _printf_d                                0x00000000   Number         0  stubs.o ABSOLUTE
    _printf_e                                0x00000000   Number         0  stubs.o ABSOLUTE
    _printf_f                                0x00000000   Number         0  stubs.o ABSOLUTE
    _printf_flags                            0x00000000   Number         0  stubs.o ABSOLUTE
    _printf_fp_dec                           0x00000000   Number         0  stubs.o ABSOLUTE
    _printf_fp_hex                           0x00000000   Number         0  stubs.o ABSOLUTE
    _printf_g                                0x00000000   Number         0  stubs.o ABSOLUTE
    _printf_i                                0x00000000   Number         0  stubs.o ABSOLUTE
    _printf_int_dec                          0x00000000   Number         0  stubs.o ABSOLUTE
    _printf_l                                0x00000000   Number         0  stubs.o ABSOLUTE
    _printf_lc                               0x00000000   Number         0  stubs.o ABSOLUTE
    _printf_ll                               0x00000000   Number         0  stubs.o ABSOLUTE
    _printf_lld                              0x00000000   Number         0  stubs.o ABSOLUTE
    _printf_lli                              0x00000000   Number         0  stubs.o ABSOLUTE
    _printf_llo                              0x00000000   Number         0  stubs.o ABSOLUTE
    _printf_llu                              0x00000000   Number         0  stubs.o ABSOLUTE
    _printf_llx                              0x00000000   Number         0  stubs.o ABSOLUTE
    _printf_longlong_dec                     0x00000000   Number         0  stubs.o ABSOLUTE
    _printf_longlong_hex                     0x00000000   Number         0  stubs.o ABSOLUTE
    _printf_longlong_oct                     0x00000000   Number         0  stubs.o ABSOLUTE
    _printf_ls                               0x00000000   Number         0  stubs.o ABSOLUTE
    _printf_mbtowc                           0x00000000   Number         0  stubs.o ABSOLUTE
    _printf_n                                0x00000000   Number         0  stubs.o ABSOLUTE
    _printf_o                                0x00000000   Number         0  stubs.o ABSOLUTE
    _printf_p                                0x00000000   Number         0  stubs.o ABSOLUTE
    _printf_percent                          0x00000000   Number         0  stubs.o ABSOLUTE
    _printf_pre_padding                      0x00000000   Number         0  stubs.o ABSOLUTE
    _printf_return_value                     0x00000000   Number         0  stubs.o ABSOLUTE
    _printf_s                                0x00000000   Number         0  stubs.o ABSOLUTE
    _printf_sizespec                         0x00000000   Number         0  stubs.o ABSOLUTE
    _printf_str                              0x00000000   Number         0  stubs.o ABSOLUTE
    _printf_truncate_signed                  0x00000000   Number         0  stubs.o ABSOLUTE
    _printf_truncate_unsigned                0x00000000   Number         0  stubs.o ABSOLUTE
    _printf_u                                0x00000000   Number         0  stubs.o ABSOLUTE
    _printf_wc                               0x00000000   Number         0  stubs.o ABSOLUTE
    _printf_wctomb                           0x00000000   Number         0  stubs.o ABSOLUTE
    _printf_widthprec                        0x00000000   Number         0  stubs.o ABSOLUTE
    _printf_x                                0x00000000   Number         0  stubs.o ABSOLUTE
    __cpp_initialize__aeabi_                  - Undefined Weak Reference
    __cxa_finalize                            - Undefined Weak Reference
    __decompress                              - Undefined Weak Reference
    _clock_init                               - Undefined Weak Reference
    _microlib_exit                            - Undefined Weak Reference
    __Vectors_Size                           0x000000ec   Number         0  startup_stm32f103xb.o ABSOLUTE
    __Vectors                                0x08000000   Data           4  startup_stm32f103xb.o(RESET)
    __Vectors_End                            0x080000ec   Data           0  startup_stm32f103xb.o(RESET)
    __main                                   0x080000ed   Thumb Code     0  entry.o(.ARM.Collect$$$$00000000)
    _main_stk                                0x080000ed   Thumb Code     0  entry2.o(.ARM.Collect$$$$00000001)
    _main_scatterload                        0x080000f1   Thumb Code     0  entry5.o(.ARM.Collect$$$$00000004)
    __main_after_scatterload                 0x080000f5   Thumb Code     0  entry5.o(.ARM.Collect$$$$00000004)
    _main_clock                              0x080000f5   Thumb Code     0  entry7b.o(.ARM.Collect$$$$00000008)
    _main_cpp_init                           0x080000f5   Thumb Code     0  entry8b.o(.ARM.Collect$$$$0000000A)
    _main_init                               0x080000f5   Thumb Code     0  entry9a.o(.ARM.Collect$$$$0000000B)
    __rt_final_cpp                           0x080000fd   Thumb Code     0  entry10a.o(.ARM.Collect$$$$0000000D)
    __rt_final_exit                          0x080000fd   Thumb Code     0  entry11a.o(.ARM.Collect$$$$0000000F)
    Reset_Handler                            0x08000101   Thumb Code     8  startup_stm32f103xb.o(.text)
    ADC1_2_IRQHandler                        0x0800011b   Thumb Code     0  startup_stm32f103xb.o(.text)
    CAN1_RX1_IRQHandler                      0x0800011b   Thumb Code     0  startup_stm32f103xb.o(.text)
    CAN1_SCE_IRQHandler                      0x0800011b   Thumb Code     0  startup_stm32f103xb.o(.text)
    DMA1_Channel1_IRQHandler                 0x0800011b   Thumb Code     0  startup_stm32f103xb.o(.text)
    DMA1_Channel2_IRQHandler                 0x0800011b   Thumb Code     0  startup_stm32f103xb.o(.text)
    DMA1_Channel3_IRQHandler                 0x0800011b   Thumb Code     0  startup_stm32f103xb.o(.text)
    DMA1_Channel4_IRQHandler                 0x0800011b   Thumb Code     0  startup_stm32f103xb.o(.text)
    DMA1_Channel5_IRQHandler                 0x0800011b   Thumb Code     0  startup_stm32f103xb.o(.text)
    DMA1_Channel6_IRQHandler                 0x0800011b   Thumb Code     0  startup_stm32f103xb.o(.text)
    DMA1_Channel7_IRQHandler                 0x0800011b   Thumb Code     0  startup_stm32f103xb.o(.text)
    EXTI0_IRQHandler                         0x0800011b   Thumb Code     0  startup_stm32f103xb.o(.text)
    EXTI15_10_IRQHandler                     0x0800011b   Thumb Code     0  startup_stm32f103xb.o(.text)
    EXTI1_IRQHandler                         0x0800011b   Thumb Code     0  startup_stm32f103xb.o(.text)
    EXTI2_IRQHandler                         0x0800011b   Thumb Code     0  startup_stm32f103xb.o(.text)
    EXTI3_IRQHandler                         0x0800011b   Thumb Code     0  startup_stm32f103xb.o(.text)
    EXTI4_IRQHandler                         0x0800011b   Thumb Code     0  startup_stm32f103xb.o(.text)
    EXTI9_5_IRQHandler                       0x0800011b   Thumb Code     0  startup_stm32f103xb.o(.text)
    FLASH_IRQHandler                         0x0800011b   Thumb Code     0  startup_stm32f103xb.o(.text)
    I2C1_ER_IRQHandler                       0x0800011b   Thumb Code     0  startup_stm32f103xb.o(.text)
    I2C1_EV_IRQHandler                       0x0800011b   Thumb Code     0  startup_stm32f103xb.o(.text)
    I2C2_ER_IRQHandler                       0x0800011b   Thumb Code     0  startup_stm32f103xb.o(.text)
    I2C2_EV_IRQHandler                       0x0800011b   Thumb Code     0  startup_stm32f103xb.o(.text)
    PVD_IRQHandler                           0x0800011b   Thumb Code     0  startup_stm32f103xb.o(.text)
    RCC_IRQHandler                           0x0800011b   Thumb Code     0  startup_stm32f103xb.o(.text)
    RTC_Alarm_IRQHandler                     0x0800011b   Thumb Code     0  startup_stm32f103xb.o(.text)
    RTC_IRQHandler                           0x0800011b   Thumb Code     0  startup_stm32f103xb.o(.text)
    SPI1_IRQHandler                          0x0800011b   Thumb Code     0  startup_stm32f103xb.o(.text)
    SPI2_IRQHandler                          0x0800011b   Thumb Code     0  startup_stm32f103xb.o(.text)
    TAMPER_IRQHandler                        0x0800011b   Thumb Code     0  startup_stm32f103xb.o(.text)
    TIM1_BRK_IRQHandler                      0x0800011b   Thumb Code     0  startup_stm32f103xb.o(.text)
    TIM1_CC_IRQHandler                       0x0800011b   Thumb Code     0  startup_stm32f103xb.o(.text)
    TIM1_TRG_COM_IRQHandler                  0x0800011b   Thumb Code     0  startup_stm32f103xb.o(.text)
    TIM1_UP_IRQHandler                       0x0800011b   Thumb Code     0  startup_stm32f103xb.o(.text)
    TIM3_IRQHandler                          0x0800011b   Thumb Code     0  startup_stm32f103xb.o(.text)
    TIM4_IRQHandler                          0x0800011b   Thumb Code     0  startup_stm32f103xb.o(.text)
    USART1_IRQHandler                        0x0800011b   Thumb Code     0  startup_stm32f103xb.o(.text)
    USART3_IRQHandler                        0x0800011b   Thumb Code     0  startup_stm32f103xb.o(.text)
    USBWakeUp_IRQHandler                     0x0800011b   Thumb Code     0  startup_stm32f103xb.o(.text)
    USB_HP_CAN1_TX_IRQHandler                0x0800011b   Thumb Code     0  startup_stm32f103xb.o(.text)
    USB_LP_CAN1_RX0_IRQHandler               0x0800011b   Thumb Code     0  startup_stm32f103xb.o(.text)
    WWDG_IRQHandler                          0x0800011b   Thumb Code     0  startup_stm32f103xb.o(.text)
    __aeabi_llsr                             0x08000125   Thumb Code    32  llushr.o(.text)
    _ll_ushift_r                             0x08000125   Thumb Code     0  llushr.o(.text)
    __aeabi_memcpy                           0x08000145   Thumb Code    36  memcpya.o(.text)
    __aeabi_memcpy4                          0x08000145   Thumb Code     0  memcpya.o(.text)
    __aeabi_memcpy8                          0x08000145   Thumb Code     0  memcpya.o(.text)
    __aeabi_memset                           0x08000169   Thumb Code    14  memseta.o(.text)
    __aeabi_memset4                          0x08000169   Thumb Code     0  memseta.o(.text)
    __aeabi_memset8                          0x08000169   Thumb Code     0  memseta.o(.text)
    __aeabi_memclr                           0x08000177   Thumb Code     4  memseta.o(.text)
    __aeabi_memclr4                          0x08000177   Thumb Code     0  memseta.o(.text)
    __aeabi_memclr8                          0x08000177   Thumb Code     0  memseta.o(.text)
    _memset$wrapper                          0x0800017b   Thumb Code    18  memseta.o(.text)
    __aeabi_fadd                             0x0800018d   Thumb Code   164  fadd.o(.text)
    __aeabi_fsub                             0x08000231   Thumb Code     6  fadd.o(.text)
    __aeabi_frsub                            0x08000237   Thumb Code     6  fadd.o(.text)
    __aeabi_fdiv                             0x0800023d   Thumb Code   124  fdiv.o(.text)
    __aeabi_dmul                             0x080002b9   Thumb Code   228  dmul.o(.text)
    __ARM_scalbn                             0x0800039d   Thumb Code    46  dscalb.o(.text)
    scalbn                                   0x0800039d   Thumb Code     0  dscalb.o(.text)
    __aeabi_i2d                              0x080003cb   Thumb Code    34  dflti.o(.text)
    __aeabi_f2uiz                            0x080003ed   Thumb Code    40  ffixui.o(.text)
    __aeabi_f2d                              0x08000415   Thumb Code    38  f2d.o(.text)
    __aeabi_d2f                              0x0800043b   Thumb Code    56  d2f.o(.text)
    __aeabi_cfcmpeq                          0x08000475   Thumb Code     0  cfcmple.o(.text)
    __aeabi_cfcmple                          0x08000475   Thumb Code    20  cfcmple.o(.text)
    __aeabi_uidiv                            0x08000489   Thumb Code     0  uidiv.o(.text)
    __aeabi_uidivmod                         0x08000489   Thumb Code    44  uidiv.o(.text)
    __aeabi_uldivmod                         0x080004b5   Thumb Code    98  uldiv.o(.text)
    __I$use$fp                               0x08000517   Thumb Code     0  iusefp.o(.text)
    _float_round                             0x08000517   Thumb Code    18  fepilogue.o(.text)
    _float_epilogue                          0x08000529   Thumb Code    92  fepilogue.o(.text)
    _double_round                            0x08000585   Thumb Code    30  depilogue.o(.text)
    _double_epilogue                         0x080005a3   Thumb Code   156  depilogue.o(.text)
    __aeabi_dadd                             0x0800063f   Thumb Code   322  dadd.o(.text)
    __aeabi_dsub                             0x08000781   Thumb Code     6  dadd.o(.text)
    __aeabi_drsub                            0x08000787   Thumb Code     6  dadd.o(.text)
    __aeabi_ddiv                             0x0800078d   Thumb Code   222  ddiv.o(.text)
    __aeabi_d2ulz                            0x0800086b   Thumb Code    48  dfixul.o(.text)
    __aeabi_cdrcmple                         0x0800089d   Thumb Code    48  cdrcmple.o(.text)
    __scatterload                            0x080008cd   Thumb Code    28  init.o(.text)
    __scatterload_rt2                        0x080008cd   Thumb Code     0  init.o(.text)
    __aeabi_llsl                             0x080008f1   Thumb Code    30  llshl.o(.text)
    _ll_shift_l                              0x080008f1   Thumb Code     0  llshl.o(.text)
    __aeabi_lasr                             0x0800090f   Thumb Code    36  llsshr.o(.text)
    _ll_sshift_r                             0x0800090f   Thumb Code     0  llsshr.o(.text)
    BusFault_Handler                         0x08000933   Thumb Code     2  stm32f1xx_it.o(i.BusFault_Handler)
    DS18B20_Get_Temp                         0x08000935   Thumb Code   124  ds18b20.o(i.DS18B20_Get_Temp)
    DS18B20_Init                             0x080009d5   Thumb Code    24  ds18b20.o(i.DS18B20_Init)
    DS18B20_Mode_IPU                         0x080009f1   Thumb Code    28  ds18b20.o(i.DS18B20_Mode_IPU)
    DS18B20_Mode_Out_PP                      0x08000a11   Thumb Code    24  ds18b20.o(i.DS18B20_Mode_Out_PP)
    DS18B20_Read_Bit                         0x08000a85   Thumb Code    56  ds18b20.o(i.DS18B20_Read_Bit)
    DS18B20_Read_Byte                        0x08000ac1   Thumb Code    28  ds18b20.o(i.DS18B20_Read_Byte)
    DS18B20_Rst                              0x08000add   Thumb Code    46  ds18b20.o(i.DS18B20_Rst)
    DS18B20_Write_Byte                       0x08000b11   Thumb Code    92  ds18b20.o(i.DS18B20_Write_Byte)
    DebugMon_Handler                         0x08000b71   Thumb Code     2  stm32f1xx_it.o(i.DebugMon_Handler)
    HAL_DMA_Abort_IT                         0x08000b75   Thumb Code   148  stm32f1xx_hal_dma.o(i.HAL_DMA_Abort_IT)
    HAL_GPIO_Init                            0x08000c0d   Thumb Code   422  stm32f1xx_hal_gpio.o(i.HAL_GPIO_Init)
    HAL_GPIO_ReadPin                         0x08000dd5   Thumb Code    10  stm32f1xx_hal_gpio.o(i.HAL_GPIO_ReadPin)
    HAL_GPIO_WritePin                        0x08000ddf   Thumb Code    10  stm32f1xx_hal_gpio.o(i.HAL_GPIO_WritePin)
    HAL_GetTick                              0x08000de9   Thumb Code     6  stm32f1xx_hal.o(i.HAL_GetTick)
    HAL_IncTick                              0x08000df5   Thumb Code    10  stm32f1xx_hal.o(i.HAL_IncTick)
    HAL_Init                                 0x08000e05   Thumb Code    32  stm32f1xx_hal.o(i.HAL_Init)
    HAL_InitTick                             0x08000e29   Thumb Code    34  stm32f1xx_hal.o(i.HAL_InitTick)
    HAL_MspInit                              0x08000e51   Thumb Code   122  stm32f1xx_hal_msp.o(i.HAL_MspInit)
    HAL_NVIC_EnableIRQ                       0x08000ed5   Thumb Code    22  stm32f1xx_hal_cortex.o(i.HAL_NVIC_EnableIRQ)
    HAL_NVIC_SetPriority                     0x08000eed   Thumb Code    60  stm32f1xx_hal_cortex.o(i.HAL_NVIC_SetPriority)
    HAL_NVIC_SetPriorityGrouping             0x08000f2d   Thumb Code    26  stm32f1xx_hal_cortex.o(i.HAL_NVIC_SetPriorityGrouping)
    HAL_NVIC_SystemReset                     0x08000f51   Thumb Code    26  stm32f1xx_hal_cortex.o(i.HAL_NVIC_SystemReset)
    HAL_RCC_ClockConfig                      0x08000f75   Thumb Code   316  stm32f1xx_hal_rcc.o(i.HAL_RCC_ClockConfig)
    HAL_RCC_GetHCLKFreq                      0x080010c1   Thumb Code     6  stm32f1xx_hal_rcc.o(i.HAL_RCC_GetHCLKFreq)
    HAL_RCC_GetPCLK1Freq                     0x080010cd   Thumb Code    20  stm32f1xx_hal_rcc.o(i.HAL_RCC_GetPCLK1Freq)
    HAL_RCC_GetPCLK2Freq                     0x080010ed   Thumb Code    20  stm32f1xx_hal_rcc.o(i.HAL_RCC_GetPCLK2Freq)
    HAL_RCC_GetSysClockFreq                  0x0800110d   Thumb Code    74  stm32f1xx_hal_rcc.o(i.HAL_RCC_GetSysClockFreq)
    HAL_RCC_OscConfig                        0x08001179   Thumb Code   740  stm32f1xx_hal_rcc.o(i.HAL_RCC_OscConfig)
    HAL_SYSTICK_CLKSourceConfig              0x08001471   Thumb Code    24  stm32f1xx_hal_cortex.o(i.HAL_SYSTICK_CLKSourceConfig)
    HAL_SYSTICK_Callback                     0x08001489   Thumb Code     2  stm32f1xx_hal_cortex.o(i.HAL_SYSTICK_Callback)
    HAL_SYSTICK_Config                       0x0800148b   Thumb Code    40  stm32f1xx_hal_cortex.o(i.HAL_SYSTICK_Config)
    HAL_SYSTICK_IRQHandler                   0x080014b3   Thumb Code     8  stm32f1xx_hal_cortex.o(i.HAL_SYSTICK_IRQHandler)
    HAL_TIMEx_BreakCallback                  0x080014bb   Thumb Code     2  stm32f1xx_hal_tim_ex.o(i.HAL_TIMEx_BreakCallback)
    HAL_TIMEx_CommutationCallback            0x080014bd   Thumb Code     2  stm32f1xx_hal_tim_ex.o(i.HAL_TIMEx_CommutationCallback)
    HAL_TIMEx_MasterConfigSynchronization    0x080014bf   Thumb Code    80  stm32f1xx_hal_tim_ex.o(i.HAL_TIMEx_MasterConfigSynchronization)
    HAL_TIM_Base_Init                        0x0800150f   Thumb Code    54  stm32f1xx_hal_tim.o(i.HAL_TIM_Base_Init)
    HAL_TIM_Base_MspInit                     0x08001545   Thumb Code    30  stm32f1xx_hal_msp.o(i.HAL_TIM_Base_MspInit)
    HAL_TIM_Base_Start_IT                    0x08001569   Thumb Code    24  stm32f1xx_hal_tim.o(i.HAL_TIM_Base_Start_IT)
    HAL_TIM_ConfigClockSource                0x08001581   Thumb Code   240  stm32f1xx_hal_tim.o(i.HAL_TIM_ConfigClockSource)
    HAL_TIM_IC_CaptureCallback               0x08001671   Thumb Code     2  stm32f1xx_hal_tim.o(i.HAL_TIM_IC_CaptureCallback)
    HAL_TIM_IRQHandler                       0x08001673   Thumb Code   358  stm32f1xx_hal_tim.o(i.HAL_TIM_IRQHandler)
    HAL_TIM_OC_DelayElapsedCallback          0x080017d9   Thumb Code     2  stm32f1xx_hal_tim.o(i.HAL_TIM_OC_DelayElapsedCallback)
    HAL_TIM_PWM_PulseFinishedCallback        0x080017db   Thumb Code     2  stm32f1xx_hal_tim.o(i.HAL_TIM_PWM_PulseFinishedCallback)
    HAL_TIM_PeriodElapsedCallback            0x080017dd   Thumb Code    24  gizwits_product.o(i.HAL_TIM_PeriodElapsedCallback)
    HAL_TIM_TriggerCallback                  0x080017fd   Thumb Code     2  stm32f1xx_hal_tim.o(i.HAL_TIM_TriggerCallback)
    HAL_UART_ErrorCallback                   0x080017ff   Thumb Code     2  stm32f1xx_hal_uart.o(i.HAL_UART_ErrorCallback)
    HAL_UART_IRQHandler                      0x08001801   Thumb Code   266  stm32f1xx_hal_uart.o(i.HAL_UART_IRQHandler)
    HAL_UART_Init                            0x08001911   Thumb Code    98  stm32f1xx_hal_uart.o(i.HAL_UART_Init)
    HAL_UART_MspInit                         0x08001975   Thumb Code   116  stm32f1xx_hal_msp.o(i.HAL_UART_MspInit)
    HAL_UART_Receive_IT                      0x080019f9   Thumb Code    82  stm32f1xx_hal_uart.o(i.HAL_UART_Receive_IT)
    HAL_UART_RxCpltCallback                  0x08001a4d   Thumb Code    34  gizwits_product.o(i.HAL_UART_RxCpltCallback)
    HAL_UART_Transmit                        0x08001a7d   Thumb Code   186  stm32f1xx_hal_uart.o(i.HAL_UART_Transmit)
    HAL_UART_Transmit_IT                     0x08001b37   Thumb Code    62  stm32f1xx_hal_uart.o(i.HAL_UART_Transmit_IT)
    HAL_UART_TxCpltCallback                  0x08001b75   Thumb Code     2  stm32f1xx_hal_uart.o(i.HAL_UART_TxCpltCallback)
    HardFault_Handler                        0x08001b77   Thumb Code     2  stm32f1xx_it.o(i.HardFault_Handler)
    MemManage_Handler                        0x08001c39   Thumb Code     2  stm32f1xx_it.o(i.MemManage_Handler)
    NMI_Handler                              0x08001c3b   Thumb Code     2  stm32f1xx_it.o(i.NMI_Handler)
    PendSV_Handler                           0x08001c5d   Thumb Code     2  stm32f1xx_it.o(i.PendSV_Handler)
    SVC_Handler                              0x08001c5f   Thumb Code     2  stm32f1xx_it.o(i.SVC_Handler)
    SysTick_Handler                          0x08001c61   Thumb Code    14  stm32f1xx_it.o(i.SysTick_Handler)
    SystemClock_Config                       0x08001c6f   Thumb Code   102  main.o(i.SystemClock_Config)
    SystemInit                               0x08001cd5   Thumb Code    56  system_stm32f1xx.o(i.SystemInit)
    TIM2_IRQHandler                          0x08001d1d   Thumb Code     6  stm32f1xx_it.o(i.TIM2_IRQHandler)
    TIM_Base_SetConfig                       0x08001d29   Thumb Code    94  stm32f1xx_hal_tim.o(i.TIM_Base_SetConfig)
    USART2_IRQHandler                        0x080020f5   Thumb Code     6  stm32f1xx_it.o(i.USART2_IRQHandler)
    UsageFault_Handler                       0x08002101   Thumb Code     2  stm32f1xx_it.o(i.UsageFault_Handler)
    __0printf                                0x08002105   Thumb Code    22  printfa.o(i.__0printf)
    __1printf                                0x08002105   Thumb Code     0  printfa.o(i.__0printf)
    __2printf                                0x08002105   Thumb Code     0  printfa.o(i.__0printf)
    __c89printf                              0x08002105   Thumb Code     0  printfa.o(i.__0printf)
    printf                                   0x08002105   Thumb Code     0  printfa.o(i.__0printf)
    __scatterload_copy                       0x08002125   Thumb Code    14  handlers.o(i.__scatterload_copy)
    __scatterload_null                       0x08002133   Thumb Code     2  handlers.o(i.__scatterload_null)
    __scatterload_zeroinit                   0x08002135   Thumb Code    14  handlers.o(i.__scatterload_zeroinit)
    delay_init                               0x080029d9   Thumb Code    38  delay.o(i.delay_init)
    delay_ms                                 0x08002a05   Thumb Code    36  delay.o(i.delay_ms)
    delay_us                                 0x08002a2d   Thumb Code    36  delay.o(i.delay_us)
    exchangeBytes                            0x08002a55   Thumb Code    32  common.o(i.exchangeBytes)
    exchangeWord                             0x08002a75   Thumb Code     4  common.o(i.exchangeWord)
    fputc                                    0x08002a79   Thumb Code    20  gizwits_product.o(i.fputc)
    getKey                                   0x08002a91   Thumb Code    86  hal_key.o(i.getKey)
    gizGetTimerCount                         0x08002ca1   Thumb Code     6  gizwits_product.o(i.gizGetTimerCount)
    gizProtocolSum                           0x08003859   Thumb Code    36  common.o(i.gizProtocolSum)
    gizPutData                               0x08003925   Thumb Code    38  gizwits_protocol.o(i.gizPutData)
    gizTimerMs                               0x08003a51   Thumb Code    10  gizwits_product.o(i.gizTimerMs)
    gizY2XFloat                              0x08003a61   Thumb Code    24  datapointtools.o(i.gizY2XFloat)
    gizwitsEventProcess                      0x08003a79   Thumb Code   128  gizwits_product.o(i.gizwitsEventProcess)
    gizwitsHandle                            0x08003b7d   Thumb Code   554  gizwits_protocol.o(i.gizwitsHandle)
    gizwitsInit                              0x08003ebd   Thumb Code    44  gizwits_protocol.o(i.gizwitsInit)
    gizwitsSetMode                           0x08003f15   Thumb Code   220  gizwits_protocol.o(i.gizwitsSetMode)
    key1LongPress                            0x08004029   Thumb Code    18  main.o(i.key1LongPress)
    key1ShortPress                           0x0800405d   Thumb Code    18  main.o(i.key1ShortPress)
    key2LongPress                            0x08004091   Thumb Code    18  main.o(i.key2LongPress)
    key2ShortPress                           0x080040c5   Thumb Code    18  main.o(i.key2ShortPress)
    keyHandle                                0x080040f5   Thumb Code   122  hal_key.o(i.keyHandle)
    keyInit                                  0x08004171   Thumb Code    90  main.o(i.keyInit)
    keyInitOne                               0x080041ed   Thumb Code    58  hal_key.o(i.keyInitOne)
    keyParaInit                              0x0800422d   Thumb Code    20  hal_key.o(i.keyParaInit)
    main                                     0x08004245   Thumb Code   202  main.o(i.main)
    mcuRestart                               0x08004349   Thumb Code    10  gizwits_product.o(i.mcuRestart)
    rbCanRead                                0x08004353   Thumb Code    50  ringbuffer.o(i.rbCanRead)
    rbCanWrite                               0x08004385   Thumb Code    28  ringbuffer.o(i.rbCanWrite)
    rbCapacity                               0x080043a1   Thumb Code    12  ringbuffer.o(i.rbCapacity)
    rbCreate                                 0x080043ad   Thumb Code    18  ringbuffer.o(i.rbCreate)
    rbRead                                   0x080043bf   Thumb Code   126  ringbuffer.o(i.rbRead)
    rbWrite                                  0x0800443d   Thumb Code   142  ringbuffer.o(i.rbWrite)
    readKeyValue                             0x080044cd   Thumb Code   130  hal_key.o(i.readKeyValue)
    timerInit                                0x08004555   Thumb Code     6  gizwits_product.o(i.timerInit)
    uartInit                                 0x08004561   Thumb Code    10  gizwits_product.o(i.uartInit)
    uartWrite                                0x08004575   Thumb Code   138  gizwits_product.o(i.uartWrite)
    userHandle                               0x0800462d   Thumb Code    10  gizwits_product.o(i.userHandle)
    userInit                                 0x08004641   Thumb Code     8  gizwits_product.o(i.userInit)
    AHBPrescTable                            0x0800464c   Data          16  system_stm32f1xx.o(.constdata)
    APBPrescTable                            0x0800465c   Data           8  system_stm32f1xx.o(.constdata)
    Region$$Table$$Base                      0x08004664   Number         0  anon$$obj.o(Region$$Table)
    Region$$Table$$Limit                     0x08004684   Number         0  anon$$obj.o(Region$$Table)
    aRxBuffer                                0x20000000   Data           1  gizwits_product.o(.data)
    currentDataPoint                         0x20000008   Data           4  gizwits_product.o(.data)
    keyCountTime                             0x20000020   Data           1  hal_key.o(.data)
    uwTick                                   0x2000002c   Data           4  stm32f1xx_hal.o(.data)
    temperature                              0x20000030   Data           4  main.o(.data)
    keys                                     0x20000034   Data           5  main.o(.data)
    SystemCoreClock                          0x2000003c   Data           4  system_stm32f1xx.o(.data)
    __stdout                                 0x20000040   Data           4  stdout.o(.data)
    gizwitsProtocol                          0x20000044   Data         247  gizwits_protocol.o(.bss)
    pRb                                      0x2000013b   Data          16  gizwits_protocol.o(.bss)
    htim2                                    0x20000178   Data          64  main.o(.bss)
    huart1                                   0x200001b8   Data          64  main.o(.bss)
    huart2                                   0x200001f8   Data          64  main.o(.bss)
    singleKey                                0x20000238   Data          42  main.o(.bss)
    __initial_sp                             0x20002268   Data           0  startup_stm32f103xb.o(STACK)



==============================================================================

Memory Map of the image

  Image Entry point : 0x080000ed

  Load Region LR_IROM1 (Base: 0x08000000, Size: 0x000046c8, Max: 0x00010000, ABSOLUTE)

    Execution Region ER_IROM1 (Base: 0x08000000, Size: 0x00004684, Max: 0x00010000, ABSOLUTE)

    Base Addr    Size         Type   Attr      Idx    E Section Name        Object

    0x08000000   0x000000ec   Data   RO         2814    RESET               startup_stm32f103xb.o
    0x080000ec   0x00000000   Code   RO         3073  * .ARM.Collect$$$$00000000  mc_w.l(entry.o)
    0x080000ec   0x00000004   Code   RO         3371    .ARM.Collect$$$$00000001  mc_w.l(entry2.o)
    0x080000f0   0x00000004   Code   RO         3374    .ARM.Collect$$$$00000004  mc_w.l(entry5.o)
    0x080000f4   0x00000000   Code   RO         3376    .ARM.Collect$$$$00000008  mc_w.l(entry7b.o)
    0x080000f4   0x00000000   Code   RO         3378    .ARM.Collect$$$$0000000A  mc_w.l(entry8b.o)
    0x080000f4   0x00000008   Code   RO         3379    .ARM.Collect$$$$0000000B  mc_w.l(entry9a.o)
    0x080000fc   0x00000000   Code   RO         3381    .ARM.Collect$$$$0000000D  mc_w.l(entry10a.o)
    0x080000fc   0x00000000   Code   RO         3383    .ARM.Collect$$$$0000000F  mc_w.l(entry11a.o)
    0x080000fc   0x00000004   Code   RO         3372    .ARM.Collect$$$$00002712  mc_w.l(entry2.o)
    0x08000100   0x00000024   Code   RO         2815    .text               startup_stm32f103xb.o
    0x08000124   0x00000020   Code   RO         3076    .text               mc_w.l(llushr.o)
    0x08000144   0x00000024   Code   RO         3080    .text               mc_w.l(memcpya.o)
    0x08000168   0x00000024   Code   RO         3082    .text               mc_w.l(memseta.o)
    0x0800018c   0x000000b0   Code   RO         3349    .text               mf_w.l(fadd.o)
    0x0800023c   0x0000007c   Code   RO         3353    .text               mf_w.l(fdiv.o)
    0x080002b8   0x000000e4   Code   RO         3355    .text               mf_w.l(dmul.o)
    0x0800039c   0x0000002e   Code   RO         3357    .text               mf_w.l(dscalb.o)
    0x080003ca   0x00000022   Code   RO         3361    .text               mf_w.l(dflti.o)
    0x080003ec   0x00000028   Code   RO         3363    .text               mf_w.l(ffixui.o)
    0x08000414   0x00000026   Code   RO         3365    .text               mf_w.l(f2d.o)
    0x0800043a   0x00000038   Code   RO         3367    .text               mf_w.l(d2f.o)
    0x08000472   0x00000002   PAD
    0x08000474   0x00000014   Code   RO         3369    .text               mf_w.l(cfcmple.o)
    0x08000488   0x0000002c   Code   RO         3386    .text               mc_w.l(uidiv.o)
    0x080004b4   0x00000062   Code   RO         3388    .text               mc_w.l(uldiv.o)
    0x08000516   0x00000000   Code   RO         3390    .text               mc_w.l(iusefp.o)
    0x08000516   0x0000006e   Code   RO         3391    .text               mf_w.l(fepilogue.o)
    0x08000584   0x000000ba   Code   RO         3393    .text               mf_w.l(depilogue.o)
    0x0800063e   0x0000014e   Code   RO         3395    .text               mf_w.l(dadd.o)
    0x0800078c   0x000000de   Code   RO         3397    .text               mf_w.l(ddiv.o)
    0x0800086a   0x00000030   Code   RO         3399    .text               mf_w.l(dfixul.o)
    0x0800089a   0x00000002   PAD
    0x0800089c   0x00000030   Code   RO         3401    .text               mf_w.l(cdrcmple.o)
    0x080008cc   0x00000024   Code   RO         3403    .text               mc_w.l(init.o)
    0x080008f0   0x0000001e   Code   RO         3405    .text               mc_w.l(llshl.o)
    0x0800090e   0x00000024   Code   RO         3407    .text               mc_w.l(llsshr.o)
    0x08000932   0x00000002   Code   RO         2950    i.BusFault_Handler  stm32f1xx_it.o
    0x08000934   0x000000a0   Code   RO          463    i.DS18B20_Get_Temp  ds18b20.o
    0x080009d4   0x0000001c   Code   RO          464    i.DS18B20_Init      ds18b20.o
    0x080009f0   0x00000020   Code   RO          465    i.DS18B20_Mode_IPU  ds18b20.o
    0x08000a10   0x0000001c   Code   RO          466    i.DS18B20_Mode_Out_PP  ds18b20.o
    0x08000a2c   0x00000058   Code   RO          467    i.DS18B20_Presence  ds18b20.o
    0x08000a84   0x0000003c   Code   RO          468    i.DS18B20_Read_Bit  ds18b20.o
    0x08000ac0   0x0000001c   Code   RO          469    i.DS18B20_Read_Byte  ds18b20.o
    0x08000adc   0x00000034   Code   RO          470    i.DS18B20_Rst       ds18b20.o
    0x08000b10   0x00000060   Code   RO          472    i.DS18B20_Write_Byte  ds18b20.o
    0x08000b70   0x00000002   Code   RO         2951    i.DebugMon_Handler  stm32f1xx_it.o
    0x08000b72   0x00000002   PAD
    0x08000b74   0x00000098   Code   RO         1246    i.HAL_DMA_Abort_IT  stm32f1xx_hal_dma.o
    0x08000c0c   0x000001c8   Code   RO         1096    i.HAL_GPIO_Init     stm32f1xx_hal_gpio.o
    0x08000dd4   0x0000000a   Code   RO         1098    i.HAL_GPIO_ReadPin  stm32f1xx_hal_gpio.o
    0x08000dde   0x0000000a   Code   RO         1100    i.HAL_GPIO_WritePin  stm32f1xx_hal_gpio.o
    0x08000de8   0x0000000c   Code   RO          963    i.HAL_GetTick       stm32f1xx_hal.o
    0x08000df4   0x00000010   Code   RO          965    i.HAL_IncTick       stm32f1xx_hal.o
    0x08000e04   0x00000024   Code   RO          966    i.HAL_Init          stm32f1xx_hal.o
    0x08000e28   0x00000028   Code   RO          967    i.HAL_InitTick      stm32f1xx_hal.o
    0x08000e50   0x00000084   Code   RO         2822    i.HAL_MspInit       stm32f1xx_hal_msp.o
    0x08000ed4   0x00000016   Code   RO         2249    i.HAL_NVIC_EnableIRQ  stm32f1xx_hal_cortex.o
    0x08000eea   0x00000002   PAD
    0x08000eec   0x00000040   Code   RO         2255    i.HAL_NVIC_SetPriority  stm32f1xx_hal_cortex.o
    0x08000f2c   0x00000024   Code   RO         2256    i.HAL_NVIC_SetPriorityGrouping  stm32f1xx_hal_cortex.o
    0x08000f50   0x00000024   Code   RO         2257    i.HAL_NVIC_SystemReset  stm32f1xx_hal_cortex.o
    0x08000f74   0x0000014c   Code   RO         1376    i.HAL_RCC_ClockConfig  stm32f1xx_hal_rcc.o
    0x080010c0   0x0000000c   Code   RO         1381    i.HAL_RCC_GetHCLKFreq  stm32f1xx_hal_rcc.o
    0x080010cc   0x00000020   Code   RO         1383    i.HAL_RCC_GetPCLK1Freq  stm32f1xx_hal_rcc.o
    0x080010ec   0x00000020   Code   RO         1384    i.HAL_RCC_GetPCLK2Freq  stm32f1xx_hal_rcc.o
    0x0800110c   0x0000006c   Code   RO         1385    i.HAL_RCC_GetSysClockFreq  stm32f1xx_hal_rcc.o
    0x08001178   0x000002f8   Code   RO         1388    i.HAL_RCC_OscConfig  stm32f1xx_hal_rcc.o
    0x08001470   0x00000018   Code   RO         2258    i.HAL_SYSTICK_CLKSourceConfig  stm32f1xx_hal_cortex.o
    0x08001488   0x00000002   Code   RO         2259    i.HAL_SYSTICK_Callback  stm32f1xx_hal_cortex.o
    0x0800148a   0x00000028   Code   RO         2260    i.HAL_SYSTICK_Config  stm32f1xx_hal_cortex.o
    0x080014b2   0x00000008   Code   RO         2261    i.HAL_SYSTICK_IRQHandler  stm32f1xx_hal_cortex.o
    0x080014ba   0x00000002   Code   RO          719    i.HAL_TIMEx_BreakCallback  stm32f1xx_hal_tim_ex.o
    0x080014bc   0x00000002   Code   RO          720    i.HAL_TIMEx_CommutationCallback  stm32f1xx_hal_tim_ex.o
    0x080014be   0x00000050   Code   RO          736    i.HAL_TIMEx_MasterConfigSynchronization  stm32f1xx_hal_tim_ex.o
    0x0800150e   0x00000036   Code   RO         1618    i.HAL_TIM_Base_Init  stm32f1xx_hal_tim.o
    0x08001544   0x00000024   Code   RO         2824    i.HAL_TIM_Base_MspInit  stm32f1xx_hal_msp.o
    0x08001568   0x00000018   Code   RO         1623    i.HAL_TIM_Base_Start_IT  stm32f1xx_hal_tim.o
    0x08001580   0x000000f0   Code   RO         1627    i.HAL_TIM_ConfigClockSource  stm32f1xx_hal_tim.o
    0x08001670   0x00000002   Code   RO         1647    i.HAL_TIM_IC_CaptureCallback  stm32f1xx_hal_tim.o
    0x08001672   0x00000166   Code   RO         1660    i.HAL_TIM_IRQHandler  stm32f1xx_hal_tim.o
    0x080017d8   0x00000002   Code   RO         1663    i.HAL_TIM_OC_DelayElapsedCallback  stm32f1xx_hal_tim.o
    0x080017da   0x00000002   Code   RO         1690    i.HAL_TIM_PWM_PulseFinishedCallback  stm32f1xx_hal_tim.o
    0x080017dc   0x00000020   Code   RO            4    i.HAL_TIM_PeriodElapsedCallback  gizwits_product.o
    0x080017fc   0x00000002   Code   RO         1701    i.HAL_TIM_TriggerCallback  stm32f1xx_hal_tim.o
    0x080017fe   0x00000002   Code   RO         2510    i.HAL_UART_ErrorCallback  stm32f1xx_hal_uart.o
    0x08001800   0x00000110   Code   RO         2513    i.HAL_UART_IRQHandler  stm32f1xx_hal_uart.o
    0x08001910   0x00000062   Code   RO         2514    i.HAL_UART_Init     stm32f1xx_hal_uart.o
    0x08001972   0x00000002   PAD
    0x08001974   0x00000084   Code   RO         2826    i.HAL_UART_MspInit  stm32f1xx_hal_msp.o
    0x080019f8   0x00000052   Code   RO         2519    i.HAL_UART_Receive_IT  stm32f1xx_hal_uart.o
    0x08001a4a   0x00000002   PAD
    0x08001a4c   0x00000030   Code   RO            5    i.HAL_UART_RxCpltCallback  gizwits_product.o
    0x08001a7c   0x000000ba   Code   RO         2522    i.HAL_UART_Transmit  stm32f1xx_hal_uart.o
    0x08001b36   0x0000003e   Code   RO         2524    i.HAL_UART_Transmit_IT  stm32f1xx_hal_uart.o
    0x08001b74   0x00000002   Code   RO         2525    i.HAL_UART_TxCpltCallback  stm32f1xx_hal_uart.o
    0x08001b76   0x00000002   Code   RO         2952    i.HardFault_Handler  stm32f1xx_it.o
    0x08001b78   0x0000006c   Code   RO         2870    i.MX_GPIO_Init      main.o
    0x08001be4   0x00000054   Code   RO         2871    i.MX_TIM2_Init      main.o
    0x08001c38   0x00000002   Code   RO         2953    i.MemManage_Handler  stm32f1xx_it.o
    0x08001c3a   0x00000002   Code   RO         2954    i.NMI_Handler       stm32f1xx_it.o
    0x08001c3c   0x00000020   Code   RO         2262    i.NVIC_SetPriority  stm32f1xx_hal_cortex.o
    0x08001c5c   0x00000002   Code   RO         2955    i.PendSV_Handler    stm32f1xx_it.o
    0x08001c5e   0x00000002   Code   RO         2956    i.SVC_Handler       stm32f1xx_it.o
    0x08001c60   0x0000000e   Code   RO         2957    i.SysTick_Handler   stm32f1xx_it.o
    0x08001c6e   0x00000066   Code   RO         2872    i.SystemClock_Config  main.o
    0x08001cd4   0x00000048   Code   RO         3039    i.SystemInit        system_stm32f1xx.o
    0x08001d1c   0x0000000c   Code   RO         2958    i.TIM2_IRQHandler   stm32f1xx_it.o
    0x08001d28   0x0000006c   Code   RO         1702    i.TIM_Base_SetConfig  stm32f1xx_hal_tim.o
    0x08001d94   0x00000014   Code   RO         1709    i.TIM_ETR_SetConfig  stm32f1xx_hal_tim.o
    0x08001da8   0x00000010   Code   RO         1710    i.TIM_ITRx_SetConfig  stm32f1xx_hal_tim.o
    0x08001db8   0x00000022   Code   RO         1716    i.TIM_TI1_ConfigInputStage  stm32f1xx_hal_tim.o
    0x08001dda   0x00000024   Code   RO         1718    i.TIM_TI2_ConfigInputStage  stm32f1xx_hal_tim.o
    0x08001dfe   0x00000010   Code   RO         2527    i.UART_DMAAbortOnError  stm32f1xx_hal_uart.o
    0x08001e0e   0x0000001c   Code   RO         2537    i.UART_EndRxTransfer  stm32f1xx_hal_uart.o
    0x08001e2a   0x00000096   Code   RO         2539    i.UART_Receive_IT   stm32f1xx_hal_uart.o
    0x08001ec0   0x00000170   Code   RO         2540    i.UART_SetConfig    stm32f1xx_hal_uart.o
    0x08002030   0x00000062   Code   RO         2541    i.UART_Transmit_IT  stm32f1xx_hal_uart.o
    0x08002092   0x00000062   Code   RO         2542    i.UART_WaitOnFlagUntilTimeout  stm32f1xx_hal_uart.o
    0x080020f4   0x0000000c   Code   RO         2959    i.USART2_IRQHandler  stm32f1xx_it.o
    0x08002100   0x00000002   Code   RO         2960    i.UsageFault_Handler  stm32f1xx_it.o
    0x08002102   0x00000002   PAD
    0x08002104   0x00000020   Code   RO         3321    i.__0printf         mc_w.l(printfa.o)
    0x08002124   0x0000000e   Code   RO         3411    i.__scatterload_copy  mc_w.l(handlers.o)
    0x08002132   0x00000002   Code   RO         3412    i.__scatterload_null  mc_w.l(handlers.o)
    0x08002134   0x0000000e   Code   RO         3413    i.__scatterload_zeroinit  mc_w.l(handlers.o)
    0x08002142   0x00000002   PAD
    0x08002144   0x00000164   Code   RO         3328    i._fp_digits        mc_w.l(printfa.o)
    0x080022a8   0x000006dc   Code   RO         3329    i._printf_core      mc_w.l(printfa.o)
    0x08002984   0x00000024   Code   RO         3330    i._printf_post_padding  mc_w.l(printfa.o)
    0x080029a8   0x0000002e   Code   RO         3331    i._printf_pre_padding  mc_w.l(printfa.o)
    0x080029d6   0x00000002   PAD
    0x080029d8   0x0000002c   Code   RO          422    i.delay_init        delay.o
    0x08002a04   0x00000028   Code   RO          423    i.delay_ms          delay.o
    0x08002a2c   0x00000028   Code   RO          424    i.delay_us          delay.o
    0x08002a54   0x00000020   Code   RO          539    i.exchangeBytes     common.o
    0x08002a74   0x00000004   Code   RO          540    i.exchangeWord      common.o
    0x08002a78   0x00000018   Code   RO            6    i.fputc             gizwits_product.o
    0x08002a90   0x0000005c   Code   RO          366    i.getKey            hal_key.o
    0x08002aec   0x00000098   Code   RO          204    i.gizCheckReport    gizwits_protocol.o
    0x08002b84   0x00000064   Code   RO          205    i.gizDataPoints2ReportData  gizwits_protocol.o
    0x08002be8   0x000000b8   Code   RO          206    i.gizDevReportPolicy  gizwits_protocol.o
    0x08002ca0   0x0000000c   Code   RO            7    i.gizGetTimerCount  gizwits_product.o
    0x08002cac   0x0000007c   Code   RO          207    i.gizProtocolAckHandle  gizwits_protocol.o
    0x08002d28   0x00000098   Code   RO          208    i.gizProtocolCommonAck  gizwits_protocol.o
    0x08002dc0   0x000000a0   Code   RO          209    i.gizProtocolErrorCmd  gizwits_protocol.o
    0x08002e60   0x00000178   Code   RO          210    i.gizProtocolGetDeviceInfo  gizwits_protocol.o
    0x08002fd8   0x00000140   Code   RO          211    i.gizProtocolGetOnePacket  gizwits_protocol.o
    0x08003118   0x0000004c   Code   RO          212    i.gizProtocolHeadInit  gizwits_protocol.o
    0x08003164   0x00000120   Code   RO          213    i.gizProtocolIssuedDataAck  gizwits_protocol.o
    0x08003284   0x000000dc   Code   RO          214    i.gizProtocolIssuedProcess  gizwits_protocol.o
    0x08003360   0x00000414   Code   RO          215    i.gizProtocolModuleStatus  gizwits_protocol.o
    0x08003774   0x00000070   Code   RO          216    i.gizProtocolNTP    gizwits_protocol.o
    0x080037e4   0x00000074   Code   RO          217    i.gizProtocolResendData  gizwits_protocol.o
    0x08003858   0x00000024   Code   RO          541    i.gizProtocolSum    common.o
    0x0800387c   0x00000060   Code   RO          218    i.gizProtocolWaitAck  gizwits_protocol.o
    0x080038dc   0x00000048   Code   RO          219    i.gizProtocolWaitAckCheck  gizwits_protocol.o
    0x08003924   0x00000068   Code   RO          220    i.gizPutData        gizwits_protocol.o
    0x0800398c   0x000000c4   Code   RO          221    i.gizReportData     gizwits_protocol.o
    0x08003a50   0x00000010   Code   RO            8    i.gizTimerMs        gizwits_product.o
    0x08003a60   0x00000018   Code   RO          612    i.gizY2XFloat       datapointtools.o
    0x08003a78   0x00000104   Code   RO            9    i.gizwitsEventProcess  gizwits_product.o
    0x08003b7c   0x00000340   Code   RO          224    i.gizwitsHandle     gizwits_protocol.o
    0x08003ebc   0x00000058   Code   RO          225    i.gizwitsInit       gizwits_protocol.o
    0x08003f14   0x00000114   Code   RO          227    i.gizwitsSetMode    gizwits_protocol.o
    0x08004028   0x00000034   Code   RO         2874    i.key1LongPress     main.o
    0x0800405c   0x00000034   Code   RO         2875    i.key1ShortPress    main.o
    0x08004090   0x00000034   Code   RO         2876    i.key2LongPress     main.o
    0x080040c4   0x00000030   Code   RO         2877    i.key2ShortPress    main.o
    0x080040f4   0x0000007a   Code   RO          367    i.keyHandle         hal_key.o
    0x0800416e   0x00000002   PAD
    0x08004170   0x0000007c   Code   RO         2878    i.keyInit           main.o
    0x080041ec   0x00000040   Code   RO          368    i.keyInitOne        hal_key.o
    0x0800422c   0x00000018   Code   RO          369    i.keyParaInit       hal_key.o
    0x08004244   0x00000104   Code   RO         2879    i.main              main.o
    0x08004348   0x0000000a   Code   RO           10    i.mcuRestart        gizwits_product.o
    0x08004352   0x00000032   Code   RO          669    i.rbCanRead         ringbuffer.o
    0x08004384   0x0000001c   Code   RO          670    i.rbCanWrite        ringbuffer.o
    0x080043a0   0x0000000c   Code   RO          671    i.rbCapacity        ringbuffer.o
    0x080043ac   0x00000012   Code   RO          672    i.rbCreate          ringbuffer.o
    0x080043be   0x0000007e   Code   RO          674    i.rbRead            ringbuffer.o
    0x0800443c   0x0000008e   Code   RO          675    i.rbWrite           ringbuffer.o
    0x080044ca   0x00000002   PAD
    0x080044cc   0x00000088   Code   RO          370    i.readKeyValue      hal_key.o
    0x08004554   0x0000000c   Code   RO           11    i.timerInit         gizwits_product.o
    0x08004560   0x00000014   Code   RO           12    i.uartInit          gizwits_product.o
    0x08004574   0x000000b8   Code   RO           13    i.uartWrite         gizwits_product.o
    0x0800462c   0x00000014   Code   RO           14    i.userHandle        gizwits_product.o
    0x08004640   0x0000000c   Code   RO           15    i.userInit          gizwits_product.o
    0x0800464c   0x00000010   Data   RO         3040    .constdata          system_stm32f1xx.o
    0x0800465c   0x00000008   Data   RO         3041    .constdata          system_stm32f1xx.o
    0x08004664   0x00000020   Data   RO         3409    Region$$Table       anon$$obj.o


    Execution Region RW_IRAM1 (Base: 0x20000000, Size: 0x00002268, Max: 0x00005000, ABSOLUTE)

    Base Addr    Size         Type   Attr      Idx    E Section Name        Object

    0x20000000   0x0000000c   Data   RW           16    .data               gizwits_product.o
    0x2000000c   0x00000010   Data   RW          229    .data               gizwits_protocol.o
    0x2000001c   0x0000000a   Data   RW          371    .data               hal_key.o
    0x20000026   0x00000004   Data   RW          425    .data               delay.o
    0x2000002a   0x00000002   PAD
    0x2000002c   0x00000004   Data   RW          972    .data               stm32f1xx_hal.o
    0x20000030   0x00000009   Data   RW         2881    .data               main.o
    0x20000039   0x00000003   PAD
    0x2000003c   0x00000004   Data   RW         3042    .data               system_stm32f1xx.o
    0x20000040   0x00000004   Data   RW         3385    .data               mc_w.l(stdout.o)
    0x20000044   0x00000133   Zero   RW          228    .bss                gizwits_protocol.o
    0x20000177   0x00000001   PAD
    0x20000178   0x000000ea   Zero   RW         2880    .bss                main.o
    0x20000262   0x00000006   PAD
    0x20000268   0x00002000   Zero   RW         2812    STACK               startup_stm32f103xb.o


==============================================================================

Image component sizes


      Code (inc. data)   RO Data    RW Data    ZI Data      Debug   Object Name

        72          0          0          0          0       2100   common.o
        24          0          0          0          0        570   datapointtools.o
       124         14          0          4          0       1639   delay.o
       572         66          0          0          0       5399   ds18b20.o
       650        264          0         12          0     449452   gizwits_product.o
      5088       1976          0         16        307      16194   gizwits_protocol.o
       438         22          0         10          0       3761   hal_key.o
       882        242          0          9        234       6194   main.o
       376          0          0          0          0       3910   ringbuffer.o
        36          8        236          0       8192        792   startup_stm32f103xb.o
       104         22          0          4          0       3175   stm32f1xx_hal.o
       264         24          0          0          0      27772   stm32f1xx_hal_cortex.o
       152          4          0          0          0       1075   stm32f1xx_hal_dma.o
       476         34          0          0          0       3219   stm32f1xx_hal_gpio.o
       300         32          0          0          0       2180   stm32f1xx_hal_msp.o
      1276        100          0          0          0       5552   stm32f1xx_hal_rcc.o
       898         14          0          0          0       9191   stm32f1xx_hal_tim.o
        84          0          0          0          0       2354   stm32f1xx_hal_tim_ex.o
      1462         10          0          0          0       9394   stm32f1xx_hal_uart.o
        54         12          0          0          0       4896   stm32f1xx_it.o
        72         16         24          4          0       1223   system_stm32f1xx.o

    ----------------------------------------------------------------------
     13418       2860        292         64       8740     560042   Object Totals
         0          0         32          0          0          0   (incl. Generated)
        14          0          0          5          7          0   (incl. Padding)

    ----------------------------------------------------------------------

      Code (inc. data)   RO Data    RW Data    ZI Data      Debug   Library Member Name

         0          0          0          0          0          0   entry.o
         0          0          0          0          0          0   entry10a.o
         0          0          0          0          0          0   entry11a.o
         8          4          0          0          0          0   entry2.o
         4          0          0          0          0          0   entry5.o
         0          0          0          0          0          0   entry7b.o
         0          0          0          0          0          0   entry8b.o
         8          4          0          0          0          0   entry9a.o
        30          0          0          0          0          0   handlers.o
        36          8          0          0          0         68   init.o
         0          0          0          0          0          0   iusefp.o
        30          0          0          0          0         68   llshl.o
        36          0          0          0          0         68   llsshr.o
        32          0          0          0          0         68   llushr.o
        36          0          0          0          0         68   memcpya.o
        36          0          0          0          0        108   memseta.o
      2226         90          0          0          0        444   printfa.o
         0          0          0          4          0          0   stdout.o
        44          0          0          0          0         80   uidiv.o
        98          0          0          0          0         92   uldiv.o
        48          0          0          0          0         68   cdrcmple.o
        20          0          0          0          0         68   cfcmple.o
        56          0          0          0          0         88   d2f.o
       334          0          0          0          0        148   dadd.o
       222          0          0          0          0        100   ddiv.o
       186          0          0          0          0        176   depilogue.o
        48          0          0          0          0         68   dfixul.o
        34          0          0          0          0         76   dflti.o
       228          0          0          0          0         96   dmul.o
        46          0          0          0          0         80   dscalb.o
        38          0          0          0          0         68   f2d.o
       176          0          0          0          0        140   fadd.o
       124          0          0          0          0         88   fdiv.o
       110          0          0          0          0        168   fepilogue.o
        40          0          0          0          0         68   ffixui.o

    ----------------------------------------------------------------------
      4342        106          0          4          0       2564   Library Totals
         8          0          0          0          0          0   (incl. Padding)

    ----------------------------------------------------------------------

      Code (inc. data)   RO Data    RW Data    ZI Data      Debug   Library Name

      2624        106          0          4          0       1064   mc_w.l
      1710          0          0          0          0       1500   mf_w.l

    ----------------------------------------------------------------------
      4342        106          0          4          0       2564   Library Totals

    ----------------------------------------------------------------------

==============================================================================


      Code (inc. data)   RO Data    RW Data    ZI Data      Debug   

     17760       2966        292         68       8740     554646   Grand Totals
     17760       2966        292         68       8740     554646   ELF Image Totals
     17760       2966        292         68          0          0   ROM Totals

==============================================================================

    Total RO  Size (Code + RO Data)                18052 (  17.63kB)
    Total RW  Size (RW Data + ZI Data)              8808 (   8.60kB)
    Total ROM Size (Code + RO Data + RW Data)      18120 (  17.70kB)

==============================================================================

